\BOOKMARK [2][-]{subsection.0.1}{\376\377\000E\000d\000i\000t\000o\000r\000'\000s\000\040\000o\000v\000e\000r\000a\000l\000l\000\040\000c\000o\000m\000m\000e\000n\000t\000s\000\040\000\050\000T\000-\000R\000O\000\040\0002\0005\000-\0001\0004\0008\0009\000\051}{}% 1
\BOOKMARK [2][-]{subsection.0.2}{\376\377\000R\000e\000s\000p\000o\000n\000s\000e}{}% 2
\BOOKMARK [1][-]{section.1}{\376\377\000R\000e\000s\000p\000o\000n\000s\000e\000\040\000t\000o\000\040\000R\000e\000v\000i\000e\000w\000e\000r\000\040\000\043\0004}{}% 3
\BOOKMARK [2][-]{subsection.1.1}{\376\377\000R\000e\000s\000p\000o\000n\000s\000e}{section.1}% 4
\BOOKMARK [2][-]{subsection.1.2}{\376\377\000R\000e\000v\000i\000e\000w\000e\000r\000\040\000C\000o\000m\000m\000e\000n\000t\000\040\0001\000:\000\040\000A\000n\000g\000u\000l\000a\000r\000\040\000m\000o\000m\000e\000n\000t\000u\000m}{section.1}% 5
\BOOKMARK [2][-]{subsection.1.3}{\376\377\000R\000e\000s\000p\000o\000n\000s\000e}{section.1}% 6
\BOOKMARK [2][-]{subsection.1.4}{\376\377\000R\000e\000v\000i\000e\000w\000e\000r\000\040\000C\000o\000m\000m\000e\000n\000t\000\040\0002\000:\000\040\000T\000e\000r\000r\000a\000i\000n\000\040\000s\000e\000g\000m\000e\000n\000t\000a\000t\000i\000o\000n\000\040\000m\000o\000d\000u\000l\000e}{section.1}% 7
\BOOKMARK [2][-]{subsection.1.5}{\376\377\000R\000e\000s\000p\000o\000n\000s\000e}{section.1}% 8
\BOOKMARK [2][-]{subsection.1.6}{\376\377\000R\000e\000v\000i\000e\000w\000e\000r\000\040\000C\000o\000m\000m\000e\000n\000t\000\040\0003\000:\000\040\000C\000o\000l\000l\000i\000s\000i\000o\000n\000-\000f\000r\000e\000e\000\040\000r\000e\000g\000i\000o\000n\000s\000\040\000s\000e\000c\000t\000i\000o\000n}{section.1}% 9
\BOOKMARK [2][-]{subsection.1.7}{\376\377\000R\000e\000s\000p\000o\000n\000s\000e}{section.1}% 10
\BOOKMARK [2][-]{subsection.1.8}{\376\377\000R\000e\000v\000i\000e\000w\000e\000r\000\040\000C\000o\000m\000m\000e\000n\000t\000\040\0004\000:\000\040\000P\000e\000r\000c\000e\000p\000t\000i\000o\000n\000\040\000c\000a\000p\000a\000b\000i\000l\000i\000t\000i\000e\000s\000\040\000o\000v\000e\000r\000s\000t\000a\000t\000e\000d}{section.1}% 11
\BOOKMARK [2][-]{subsection.1.9}{\376\377\000R\000e\000s\000p\000o\000n\000s\000e}{section.1}% 12
\BOOKMARK [2][-]{subsection.1.10}{\376\377\000R\000e\000v\000i\000e\000w\000e\000r\000\040\000C\000o\000m\000m\000e\000n\000t\000\040\0005\000:\000\040\000Y\000a\000w\000\040\000o\000r\000i\000e\000n\000t\000a\000t\000i\000o\000n\000\040\000s\000e\000c\000t\000i\000o\000n}{section.1}% 13
\BOOKMARK [2][-]{subsection.1.11}{\376\377\000R\000e\000s\000p\000o\000n\000s\000e}{section.1}% 14
\BOOKMARK [2][-]{subsection.1.12}{\376\377\000R\000e\000v\000i\000e\000w\000e\000r\000\040\000C\000o\000m\000m\000e\000n\000t\000\040\0006\000:\000\040\000M\000I\000P\000\040\000s\000o\000l\000v\000e\000r}{section.1}% 15
\BOOKMARK [2][-]{subsection.1.13}{\376\377\000R\000e\000s\000p\000o\000n\000s\000e}{section.1}% 16
\BOOKMARK [2][-]{subsection.1.14}{\376\377\000R\000e\000v\000i\000e\000w\000e\000r\000\040\000C\000o\000m\000m\000e\000n\000t\000\040\0007\000:\000\040\000P\000e\000r\000-\000m\000o\000d\000u\000l\000e\000\040\000t\000i\000m\000i\000n\000g\000\040\000d\000e\000c\000o\000m\000p\000o\000s\000i\000t\000i\000o\000n}{section.1}% 17
\BOOKMARK [2][-]{subsection.1.15}{\376\377\000R\000e\000s\000p\000o\000n\000s\000e}{section.1}% 18
\BOOKMARK [2][-]{subsection.1.16}{\376\377\000R\000e\000v\000i\000e\000w\000e\000r\000\040\000C\000o\000m\000m\000e\000n\000t\000\040\0008\000:\000\040\000Q\000u\000a\000n\000t\000i\000t\000a\000t\000i\000v\000e\000\040\000r\000e\000p\000a\000i\000r\000\040\000d\000a\000t\000a\000\040\000+\000\040\000s\000h\000o\000r\000t\000-\000h\000o\000r\000i\000z\000o\000n\000\040\000M\000P\000C\000\040\000c\000o\000m\000p\000a\000r\000i\000s\000o\000n}{section.1}% 19
\BOOKMARK [2][-]{subsection.1.17}{\376\377\000R\000e\000s\000p\000o\000n\000s\000e}{section.1}% 20
\BOOKMARK [2][-]{subsection.1.18}{\376\377\000R\000e\000v\000i\000e\000w\000e\000r\000\040\000C\000o\000m\000m\000e\000n\000t\000\040\0009\000:\000\040\000S\000y\000m\000b\000o\000l\000i\000c\000\040\000r\000e\000p\000a\000i\000r\000\040\000i\000n\000t\000r\000o\000d\000u\000c\000e\000d\000\040\000t\000o\000o\000\040\000l\000a\000t\000e\000\040\000+\000\040\000E\000q\000.\000\040\0001\000\040\000n\000o\000t\000a\000t\000i\000o\000n}{section.1}% 21
\BOOKMARK [2][-]{subsection.1.19}{\376\377\000R\000e\000s\000p\000o\000n\000s\000e}{section.1}% 22
\BOOKMARK [1][-]{section.2}{\376\377\000R\000e\000s\000p\000o\000n\000s\000e\000\040\000t\000o\000\040\000R\000e\000v\000i\000e\000w\000e\000r\000\040\000\043\0005}{}% 23
\BOOKMARK [2][-]{subsection.2.1}{\376\377\000R\000e\000s\000p\000o\000n\000s\000e}{section.2}% 24
\BOOKMARK [2][-]{subsection.2.2}{\376\377\000R\000e\000v\000i\000e\000w\000e\000r\000\040\000C\000o\000m\000m\000e\000n\000t\000\040\0001\000:\000\040\000`\000`\000R\000e\000a\000c\000t\000i\000v\000e\000\040\000s\000y\000n\000t\000h\000e\000s\000i\000s\000'\000'\000\040\000/\000\040\000L\000T\000L\000\040\000n\000o\000t\000\040\000d\000e\000f\000i\000n\000e\000d}{section.2}% 25
\BOOKMARK [2][-]{subsection.2.3}{\376\377\000R\000e\000s\000p\000o\000n\000s\000e}{section.2}% 26
\BOOKMARK [2][-]{subsection.2.4}{\376\377\000R\000e\000v\000i\000e\000w\000e\000r\000\040\000C\000o\000m\000m\000e\000n\000t\000\040\0002\000:\000\040\000R\000e\000l\000a\000t\000e\000d\000-\000w\000o\000r\000k\000\040\000s\000e\000c\000t\000i\000o\000n\000\040\000r\000e\000u\000s\000e\000s\000\040\000j\000a\000r\000g\000o\000n}{section.2}% 27
\BOOKMARK [2][-]{subsection.2.5}{\376\377\000R\000e\000s\000p\000o\000n\000s\000e}{section.2}% 28
\BOOKMARK [2][-]{subsection.2.6}{\376\377\000R\000e\000v\000i\000e\000w\000e\000r\000\040\000C\000o\000m\000m\000e\000n\000t\000\040\0003\000:\000\040\000M\000I\000C\000P\000\040\000s\000o\000l\000v\000e\000r}{section.2}% 29
\BOOKMARK [2][-]{subsection.2.7}{\376\377\000R\000e\000s\000p\000o\000n\000s\000e}{section.2}% 30
\BOOKMARK [2][-]{subsection.2.8}{\376\377\000R\000e\000v\000i\000e\000w\000e\000r\000\040\000C\000o\000m\000m\000e\000n\000t\000\040\0004\000:\000\040\000H\000a\000r\000d\000w\000a\000r\000e\000\040\000\050\000C\000P\000U\000,\000\040\000R\000A\000M\000\051}{section.2}% 31
\BOOKMARK [2][-]{subsection.2.9}{\376\377\000R\000e\000s\000p\000o\000n\000s\000e}{section.2}% 32
\BOOKMARK [2][-]{subsection.2.10}{\376\377\000R\000e\000v\000i\000e\000w\000e\000r\000\040\000C\000o\000m\000m\000e\000n\000t\000\040\0005\000:\000\040\000M\000o\000r\000e\000\040\000s\000o\000p\000h\000i\000s\000t\000i\000c\000a\000t\000e\000d\000\040\000b\000a\000s\000e\000l\000i\000n\000e}{section.2}% 33
\BOOKMARK [2][-]{subsection.2.11}{\376\377\000R\000e\000s\000p\000o\000n\000s\000e}{section.2}% 34
\BOOKMARK [2][-]{subsection.2.12}{\376\377\000R\000e\000v\000i\000e\000w\000e\000r\000\040\000C\000o\000m\000m\000e\000n\000t\000\040\0006\000:\000\040\000B\000i\000p\000e\000d\000a\000l\000\040\000e\000x\000t\000e\000n\000s\000i\000o\000n}{section.2}% 35
\BOOKMARK [2][-]{subsection.2.13}{\376\377\000R\000e\000s\000p\000o\000n\000s\000e}{section.2}% 36
\BOOKMARK [2][-]{subsection.2.14}{\376\377\000R\000e\000v\000i\000e\000w\000e\000r\000\040\000C\000o\000m\000m\000e\000n\000t\000\040\0007\000:\000\040\000S\000e\000c\000t\000i\000o\000n\000s\000\040\000I\000V\000\040\000a\000n\000d\000\040\000V\000\040\000a\000r\000e\000\040\000v\000e\000r\000y\000\040\000s\000h\000o\000r\000t}{section.2}% 37
\BOOKMARK [2][-]{subsection.2.15}{\376\377\000R\000e\000s\000p\000o\000n\000s\000e}{section.2}% 38
\BOOKMARK [2][-]{subsection.2.16}{\376\377\000R\000e\000v\000i\000e\000w\000e\000r\000\040\000C\000o\000m\000m\000e\000n\000t\000\040\0008\000:\000\040\000F\000i\000g\000.\000\040\0009\000\040\000e\000r\000r\000o\000r\000\040\000b\000a\000r\000s\000\040\000/\000\040\000T\000a\000b\000l\000e\000\040\000I\000V\000\040\000s\000t\000d\000\040\000d\000e\000v\000i\000a\000t\000i\000o\000n}{section.2}% 39
\BOOKMARK [2][-]{subsection.2.17}{\376\377\000R\000e\000s\000p\000o\000n\000s\000e}{section.2}% 40
\BOOKMARK [2][-]{subsection.2.18}{\376\377\000R\000e\000v\000i\000e\000w\000e\000r\000\040\000C\000o\000m\000m\000e\000n\000t\000\040\0009\000:\000\040\000T\000y\000p\000o\000s}{section.2}% 41
\BOOKMARK [2][-]{subsection.2.19}{\376\377\000R\000e\000s\000p\000o\000n\000s\000e}{section.2}% 42
\BOOKMARK [1][-]{section.3}{\376\377\000R\000e\000s\000p\000o\000n\000s\000e\000\040\000t\000o\000\040\000R\000e\000v\000i\000e\000w\000e\000r\000\040\000\043\0007}{}% 43
\BOOKMARK [2][-]{subsection.3.1}{\376\377\000R\000e\000s\000p\000o\000n\000s\000e}{section.3}% 44
\BOOKMARK [2][-]{subsection.3.2}{\376\377\000R\000e\000v\000i\000e\000w\000e\000r\000\040\000C\000o\000m\000m\000e\000n\000t\000\040\0001\000:\000\040\000I\000n\000c\000r\000e\000m\000e\000n\000t\000a\000l\000\040\000c\000o\000n\000t\000r\000i\000b\000u\000t\000i\000o\000n\000s\000\040\000a\000n\000d\000\040\000s\000c\000i\000e\000n\000t\000i\000f\000i\000c\000\040\000n\000o\000v\000e\000l\000t\000y}{section.3}% 45
\BOOKMARK [2][-]{subsection.3.3}{\376\377\000R\000e\000s\000p\000o\000n\000s\000e}{section.3}% 46
\BOOKMARK [2][-]{subsection.3.4}{\376\377\000R\000e\000v\000i\000e\000w\000e\000r\000\040\000C\000o\000m\000m\000e\000n\000t\000\040\0002\000:\000\040\000L\000T\000L\000\040\000s\000p\000e\000c\000\040\000c\000o\000n\000s\000t\000r\000u\000c\000t\000i\000o\000n\000\040\000d\000e\000t\000a\000i\000l\000s}{section.3}% 47
\BOOKMARK [2][-]{subsection.3.5}{\376\377\000R\000e\000s\000p\000o\000n\000s\000e}{section.3}% 48
\BOOKMARK [2][-]{subsection.3.6}{\376\377\000R\000e\000v\000i\000e\000w\000e\000r\000\040\000C\000o\000m\000m\000e\000n\000t\000\040\0003\000:\000\040\000C\000a\000l\000i\000b\000r\000a\000t\000i\000n\000g\000\040\000c\000l\000a\000i\000m\000s}{section.3}% 49
\BOOKMARK [2][-]{subsection.3.7}{\376\377\000R\000e\000s\000p\000o\000n\000s\000e}{section.3}% 50
\BOOKMARK [2][-]{subsection.3.8}{\376\377\000R\000e\000v\000i\000e\000w\000e\000r\000\040\000C\000o\000m\000m\000e\000n\000t\000\040\0004\000:\000\040\000L\000i\000m\000i\000t\000e\000d\000\040\000r\000e\000a\000c\000t\000i\000v\000i\000t\000y\000\040\000/\000\040\000c\000l\000a\000s\000s\000i\000c\000a\000l\000\040\000s\000e\000n\000s\000e\000-\000p\000l\000a\000n\000-\000a\000c\000t}{section.3}% 51
\BOOKMARK [2][-]{subsection.3.9}{\376\377\000R\000e\000s\000p\000o\000n\000s\000e}{section.3}% 52
\BOOKMARK [2][-]{subsection.3.10}{\376\377\000R\000e\000v\000i\000e\000w\000e\000r\000\040\000C\000o\000m\000m\000e\000n\000t\000\040\0005\000:\000\040\000H\000e\000u\000r\000i\000s\000t\000i\000c\000\040\000b\000a\000s\000e\000l\000i\000n\000e\000\040\000+\000\040\000p\000u\000r\000e\000\040\000M\000I\000P\000\040\000d\000e\000f\000i\000n\000i\000t\000i\000o\000n\000\040\000+\000\040\000a\000b\000l\000a\000t\000i\000o\000n}{section.3}% 53
\BOOKMARK [2][-]{subsection.3.11}{\376\377\000R\000e\000s\000p\000o\000n\000s\000e}{section.3}% 54
\BOOKMARK [2][-]{subsection.3.12}{\376\377\000R\000e\000v\000i\000e\000w\000e\000r\000\040\000C\000o\000m\000m\000e\000n\000t\000\040\0006\000:\000\040\000S\000e\000c\000t\000i\000o\000n\000\040\000o\000r\000g\000a\000n\000i\000z\000a\000t\000i\000o\000n}{section.3}% 55
\BOOKMARK [2][-]{subsection.3.13}{\376\377\000R\000e\000s\000p\000o\000n\000s\000e}{section.3}% 56
\BOOKMARK [2][-]{subsection.3.14}{\376\377\000R\000e\000v\000i\000e\000w\000e\000r\000\040\000C\000o\000m\000m\000e\000n\000t\000\040\0007\000:\000\040\000P\000e\000r\000c\000e\000p\000t\000i\000o\000n\000\040\000v\000a\000l\000i\000d\000a\000t\000i\000o\000n\000\040\000/\000\040\000u\000n\000c\000e\000r\000t\000a\000i\000n\000t\000y}{section.3}% 57
\BOOKMARK [2][-]{subsection.3.15}{\376\377\000R\000e\000s\000p\000o\000n\000s\000e}{section.3}% 58
\BOOKMARK [2][-]{subsection.3.16}{\376\377\000R\000e\000v\000i\000e\000w\000e\000r\000\040\000C\000o\000m\000m\000e\000n\000t\000\040\0008\000:\000\040\000R\000a\000t\000i\000o\000n\000a\000l\000e\000\040\000f\000o\000r\000\040\000t\000w\000o\000-\000l\000e\000v\000e\000l\000\040\000d\000i\000s\000c\000r\000e\000t\000e\000\040\000d\000e\000c\000i\000s\000i\000o\000n\000s}{section.3}% 59
\BOOKMARK [2][-]{subsection.3.17}{\376\377\000R\000e\000s\000p\000o\000n\000s\000e}{section.3}% 60
