This is pdfTeX, Version 3.141592653-2.6-1.40.26 (TeX Live 2024) (preloaded format=pdflatex 2025.2.21)  2 MAY 2026 22:13
entering extended mode
 restricted \write18 enabled.
 %&-line parsing enabled.
**main.tex
(./main.tex
LaTeX2e <2023-11-01> patch level 1
L3 programming layer <2024-02-20>
(./IEEEtran.cls
Document Class: IEEEtran 2015/08/26 V1.8b by Michael Shell
-- See the "IEEEtran_HOWTO" manual for usage information.
-- http://www.michaelshell.org/tex/ieeetran/
\@IEEEtrantmpdimenA=\dimen140
\@IEEEtrantmpdimenB=\dimen141
\@IEEEtrantmpdimenC=\dimen142
\@IEEEtrantmpcountA=\count188
\@IEEEtrantmpcountB=\count189
\@IEEEtrantmpcountC=\count190
\@IEEEtrantmptoksA=\toks17
LaTeX Font Info:    Trying to load font information for OT1+ptm on input line 5
03.
(/usr/local/texlive/2024/texmf-dist/tex/latex/psnfss/ot1ptm.fd
File: ot1ptm.fd 2001/06/04 font definitions for OT1/ptm.
)
-- Using 8.5in x 11in (letter) paper.
-- Using PDF output.
\@IEEEnormalsizeunitybaselineskip=\dimen143
-- This is a 10 point document.
\CLASSINFOnormalsizebaselineskip=\dimen144
\CLASSINFOnormalsizeunitybaselineskip=\dimen145
\IEEEnormaljot=\dimen146
LaTeX Font Info:    Font shape `OT1/ptm/bx/n' in size <5> not available
(Font)              Font shape `OT1/ptm/b/n' tried instead on input line 1090.
LaTeX Font Info:    Font shape `OT1/ptm/bx/it' in size <5> not available
(Font)              Font shape `OT1/ptm/b/it' tried instead on input line 1090.

LaTeX Font Info:    Font shape `OT1/ptm/bx/n' in size <7> not available
(Font)              Font shape `OT1/ptm/b/n' tried instead on input line 1090.
LaTeX Font Info:    Font shape `OT1/ptm/bx/it' in size <7> not available
(Font)              Font shape `OT1/ptm/b/it' tried instead on input line 1090.

LaTeX Font Info:    Font shape `OT1/ptm/bx/n' in size <8> not available
(Font)              Font shape `OT1/ptm/b/n' tried instead on input line 1090.
LaTeX Font Info:    Font shape `OT1/ptm/bx/it' in size <8> not available
(Font)              Font shape `OT1/ptm/b/it' tried instead on input line 1090.

LaTeX Font Info:    Font shape `OT1/ptm/bx/n' in size <9> not available
(Font)              Font shape `OT1/ptm/b/n' tried instead on input line 1090.
LaTeX Font Info:    Font shape `OT1/ptm/bx/it' in size <9> not available
(Font)              Font shape `OT1/ptm/b/it' tried instead on input line 1090.

LaTeX Font Info:    Font shape `OT1/ptm/bx/n' in size <10> not available
(Font)              Font shape `OT1/ptm/b/n' tried instead on input line 1090.
LaTeX Font Info:    Font shape `OT1/ptm/bx/it' in size <10> not available
(Font)              Font shape `OT1/ptm/b/it' tried instead on input line 1090.

LaTeX Font Info:    Font shape `OT1/ptm/bx/n' in size <11> not available
(Font)              Font shape `OT1/ptm/b/n' tried instead on input line 1090.
LaTeX Font Info:    Font shape `OT1/ptm/bx/it' in size <11> not available
(Font)              Font shape `OT1/ptm/b/it' tried instead on input line 1090.

LaTeX Font Info:    Font shape `OT1/ptm/bx/n' in size <12> not available
(Font)              Font shape `OT1/ptm/b/n' tried instead on input line 1090.
LaTeX Font Info:    Font shape `OT1/ptm/bx/it' in size <12> not available
(Font)              Font shape `OT1/ptm/b/it' tried instead on input line 1090.

LaTeX Font Info:    Font shape `OT1/ptm/bx/n' in size <17> not available
(Font)              Font shape `OT1/ptm/b/n' tried instead on input line 1090.
LaTeX Font Info:    Font shape `OT1/ptm/bx/it' in size <17> not available
(Font)              Font shape `OT1/ptm/b/it' tried instead on input line 1090.

LaTeX Font Info:    Font shape `OT1/ptm/bx/n' in size <20> not available
(Font)              Font shape `OT1/ptm/b/n' tried instead on input line 1090.
LaTeX Font Info:    Font shape `OT1/ptm/bx/it' in size <20> not available
(Font)              Font shape `OT1/ptm/b/it' tried instead on input line 1090.

LaTeX Font Info:    Font shape `OT1/ptm/bx/n' in size <24> not available
(Font)              Font shape `OT1/ptm/b/n' tried instead on input line 1090.
LaTeX Font Info:    Font shape `OT1/ptm/bx/it' in size <24> not available
(Font)              Font shape `OT1/ptm/b/it' tried instead on input line 1090.

\IEEEquantizedlength=\dimen147
\IEEEquantizedlengthdiff=\dimen148
\IEEEquantizedtextheightdiff=\dimen149
\IEEEilabelindentA=\dimen150
\IEEEilabelindentB=\dimen151
\IEEEilabelindent=\dimen152
\IEEEelabelindent=\dimen153
\IEEEdlabelindent=\dimen154
\IEEElabelindent=\dimen155
\IEEEiednormlabelsep=\dimen156
\IEEEiedmathlabelsep=\dimen157
\IEEEiedtopsep=\skip48
\c@section=\count191
\c@subsection=\count192
\c@subsubsection=\count193
\c@paragraph=\count194
\c@IEEEsubequation=\count195
\abovecaptionskip=\skip49
\belowcaptionskip=\skip50
\c@figure=\count196
\c@table=\count197
\@IEEEeqnnumcols=\count198
\@IEEEeqncolcnt=\count199
\@IEEEsubeqnnumrollback=\count266
\@IEEEquantizeheightA=\dimen158
\@IEEEquantizeheightB=\dimen159
\@IEEEquantizeheightC=\dimen160
\@IEEEquantizeprevdepth=\dimen161
\@IEEEquantizemultiple=\count267
\@IEEEquantizeboxA=\box51
\@IEEEtmpitemindent=\dimen162
\IEEEPARstartletwidth=\dimen163
\c@IEEEbiography=\count268
\@IEEEtranrubishbin=\box52
) (/usr/local/texlive/2024/texmf-dist/tex/latex/enumitem/enumitem.sty
Package: enumitem 2019/06/20 v3.9 Customized lists
\enitkv@toks@=\toks18
\labelindent=\skip51
\enit@outerparindent=\dimen164
\enit@toks=\toks19
\enit@inbox=\box53
\enit@count@id=\count269
\enitdp@description=\count270
)
(/usr/local/texlive/2024/texmf-dist/tex/latex/amsmath/amsmath.sty
Package: amsmath 2023/05/13 v2.17o AMS math features
\@mathmargin=\skip52

For additional information on amsmath, use the `?' option.
(/usr/local/texlive/2024/texmf-dist/tex/latex/amsmath/amstext.sty
Package: amstext 2021/08/26 v2.01 AMS text

(/usr/local/texlive/2024/texmf-dist/tex/latex/amsmath/amsgen.sty
File: amsgen.sty 1999/11/30 v2.0 generic functions
\@emptytoks=\toks20
\ex@=\dimen165
))
(/usr/local/texlive/2024/texmf-dist/tex/latex/amsmath/amsbsy.sty
Package: amsbsy 1999/11/29 v1.2d Bold Symbols
\pmbraise@=\dimen166
)
(/usr/local/texlive/2024/texmf-dist/tex/latex/amsmath/amsopn.sty
Package: amsopn 2022/04/08 v2.04 operator names
)
\inf@bad=\count271
LaTeX Info: Redefining \frac on input line 234.
\uproot@=\count272
\leftroot@=\count273
LaTeX Info: Redefining \overline on input line 399.
LaTeX Info: Redefining \colon on input line 410.
\classnum@=\count274
\DOTSCASE@=\count275
LaTeX Info: Redefining \ldots on input line 496.
LaTeX Info: Redefining \dots on input line 499.
LaTeX Info: Redefining \cdots on input line 620.
\Mathstrutbox@=\box54
\strutbox@=\box55
LaTeX Info: Redefining \big on input line 722.
LaTeX Info: Redefining \Big on input line 723.
LaTeX Info: Redefining \bigg on input line 724.
LaTeX Info: Redefining \Bigg on input line 725.
\big@size=\dimen167
LaTeX Font Info:    Redeclaring font encoding OML on input line 743.
LaTeX Font Info:    Redeclaring font encoding OMS on input line 744.
\macc@depth=\count276
LaTeX Info: Redefining \bmod on input line 905.
LaTeX Info: Redefining \pmod on input line 910.
LaTeX Info: Redefining \smash on input line 940.
LaTeX Info: Redefining \relbar on input line 970.
LaTeX Info: Redefining \Relbar on input line 971.
\c@MaxMatrixCols=\count277
\dotsspace@=\muskip16
\c@parentequation=\count278
\dspbrk@lvl=\count279
\tag@help=\toks21
\row@=\count280
\column@=\count281
\maxfields@=\count282
\andhelp@=\toks22
\eqnshift@=\dimen168
\alignsep@=\dimen169
\tagshift@=\dimen170
\tagwidth@=\dimen171
\totwidth@=\dimen172
\lineht@=\dimen173
\@envbody=\toks23
\multlinegap=\skip53
\multlinetaggap=\skip54
\mathdisplay@stack=\toks24
LaTeX Info: Redefining \[ on input line 2953.
LaTeX Info: Redefining \] on input line 2954.
)
(/usr/local/texlive/2024/texmf-dist/tex/latex/cite/cite.sty
LaTeX Info: Redefining \cite on input line 302.
LaTeX Info: Redefining \nocite on input line 332.
Package: cite 2015/02/27  v 5.5
)
(/usr/local/texlive/2024/texmf-dist/tex/latex/amsfonts/amssymb.sty
Package: amssymb 2013/01/14 v3.01 AMS font symbols

(/usr/local/texlive/2024/texmf-dist/tex/latex/amsfonts/amsfonts.sty
Package: amsfonts 2013/01/14 v3.01 Basic AMSFonts support
\symAMSa=\mathgroup4
\symAMSb=\mathgroup5
LaTeX Font Info:    Redeclaring math symbol \hbar on input line 98.
LaTeX Font Info:    Overwriting math alphabet `\mathfrak' in version `bold'
(Font)                  U/euf/m/n --> U/euf/b/n on input line 106.
))
(/usr/local/texlive/2024/texmf-dist/tex/latex/algorithm2e/algorithm2e.sty
Package: algorithm2e 2017/07/18 v5.2 algorithms environments
\c@AlgoLine=\count283

(/usr/local/texlive/2024/texmf-dist/tex/latex/base/ifthen.sty
Package: ifthen 2022/04/13 v1.1d Standard LaTeX ifthen package (DPC)
)
\algocf@hangindent=\skip55

(/usr/local/texlive/2024/texmf-dist/tex/latex/ifoddpage/ifoddpage.sty
Package: ifoddpage 2022/10/18 v1.2 Conditionals for odd/even page detection
\c@checkoddpage=\count284
)
(/usr/local/texlive/2024/texmf-dist/tex/latex/tools/xspace.sty
Package: xspace 2014/10/28 v1.13 Space after command names (DPC,MH)
)
(/usr/local/texlive/2024/texmf-dist/tex/latex/relsize/relsize.sty
Package: relsize 2013/03/29 ver 4.1
)
\skiptotal=\skip56
\skiplinenumber=\skip57
\skiprule=\skip58
\skiphlne=\skip59
\skiptext=\skip60
\skiplength=\skip61
\algomargin=\skip62
\skipalgocfslide=\skip63
\algowidth=\dimen174
\inoutsize=\dimen175
\inoutindent=\dimen176
\interspacetitleruled=\dimen177
\interspacealgoruled=\dimen178
\interspacetitleboxruled=\dimen179
\algocf@ruledwidth=\skip64
\algocf@inoutbox=\box56
\algocf@inputbox=\box57
\AlCapSkip=\skip65
\AlCapHSkip=\skip66
\algoskipindent=\skip67
\algocf@nlbox=\box58
\algocf@hangingbox=\box59
\algocf@untilbox=\box60
\algocf@skipuntil=\skip68
\algocf@capbox=\box61
\algocf@lcaptionbox=\skip69
\algoheightruledefault=\skip70
\algoheightrule=\skip71
\algotitleheightruledefault=\skip72
\algotitleheightrule=\skip73
\c@algocfline=\count285
\c@algocfproc=\count286
\c@algocf=\count287
\algocf@algoframe=\box62
\algocf@algobox=\box63
)
(/usr/local/texlive/2024/texmf-dist/tex/latex/graphics/graphicx.sty
Package: graphicx 2021/09/16 v1.2d Enhanced LaTeX Graphics (DPC,SPQR)

(/usr/local/texlive/2024/texmf-dist/tex/latex/graphics/keyval.sty
Package: keyval 2022/05/29 v1.15 key=value parser (DPC)
\KV@toks@=\toks25
)
(/usr/local/texlive/2024/texmf-dist/tex/latex/graphics/graphics.sty
Package: graphics 2022/03/10 v1.4e Standard LaTeX Graphics (DPC,SPQR)

(/usr/local/texlive/2024/texmf-dist/tex/latex/graphics/trig.sty
Package: trig 2021/08/11 v1.11 sin cos tan (DPC)
)
(/usr/local/texlive/2024/texmf-dist/tex/latex/graphics-cfg/graphics.cfg
File: graphics.cfg 2016/06/04 v1.11 sample graphics configuration
)
Package graphics Info: Driver file: pdftex.def on input line 107.

(/usr/local/texlive/2024/texmf-dist/tex/latex/graphics-def/pdftex.def
File: pdftex.def 2022/09/22 v1.2b Graphics/color driver for pdftex
))
\Gin@req@height=\dimen180
\Gin@req@width=\dimen181
)
(/usr/local/texlive/2024/texmf-dist/tex/latex/subfloat/subfloat.sty
Package: subfloat 2003/08/21 version 2.14

Package `subfloat', Version 2.14 of 2003/08/21.

Package subfloat Warning: Numbers of floats not counted:
(subfloat)                If you use one of the counters subfloatfiguremax or
(subfloat)                subfloattablemax you will get strange error messages
(subfloat)                containing \c@subfloatfiguremax or
(subfloat)                \c@subfloattablemax:
(subfloat)                Please switch on countmax or remove the code using
(subfloat)                the counter then..

) (/usr/local/texlive/2024/texmf-dist/tex/latex/base/textcomp.sty
Package: textcomp 2020/02/02 v2.0n Standard LaTeX package
)
(/usr/local/texlive/2024/texmf-dist/tex/latex/xcolor/xcolor.sty
Package: xcolor 2023/11/15 v3.01 LaTeX color extensions (UK)

(/usr/local/texlive/2024/texmf-dist/tex/latex/graphics-cfg/color.cfg
File: color.cfg 2016/01/02 v1.6 sample color configuration
)
Package xcolor Info: Driver file: pdftex.def on input line 274.

(/usr/local/texlive/2024/texmf-dist/tex/latex/graphics/mathcolor.ltx)
Package xcolor Info: Model `cmy' substituted by `cmy0' on input line 1350.
Package xcolor Info: Model `hsb' substituted by `rgb' on input line 1354.
Package xcolor Info: Model `RGB' extended on input line 1366.
Package xcolor Info: Model `HTML' substituted by `rgb' on input line 1368.
Package xcolor Info: Model `Hsb' substituted by `hsb' on input line 1369.
Package xcolor Info: Model `tHsb' substituted by `hsb' on input line 1370.
Package xcolor Info: Model `HSB' substituted by `hsb' on input line 1371.
Package xcolor Info: Model `Gray' substituted by `gray' on input line 1372.
Package xcolor Info: Model `wave' substituted by `hsb' on input line 1373.
)
(/usr/local/texlive/2024/texmf-dist/tex/latex/tools/verbatim.sty
Package: verbatim 2023-11-06 v1.5v LaTeX2e package for verbatim enhancements
\every@verbatim=\toks26
\verbatim@line=\toks27
\verbatim@in@stream=\read2
)
(/usr/local/texlive/2024/texmf-dist/tex/latex/jknapltx/mathrsfs.sty
Package: mathrsfs 1996/01/01 Math RSFS package v1.0 (jk)
\symrsfs=\mathgroup6
)
(/usr/local/texlive/2024/texmf-dist/tex/latex/subfigure/subfigure.sty
Package: subfigure 2002/03/15 v2.1.5 subfigure package
\subfigtopskip=\skip74
\subfigcapskip=\skip75
\subfigcaptopadj=\dimen182
\subfigbottomskip=\skip76
\subfigcapmargin=\dimen183
\subfiglabelskip=\skip77
\c@subfigure=\count288
\c@lofdepth=\count289
\c@subtable=\count290
\c@lotdepth=\count291

****************************************
* Local config file subfigure.cfg used *
****************************************
(/usr/local/texlive/2024/texmf-dist/tex/latex/subfigure/subfigure.cfg)
\subfig@top=\skip78
\subfig@bottom=\skip79
)
(/usr/local/texlive/2024/texmf-dist/tex/latex/mathtools/empheq.sty
Package: empheq 2017/03/31 v2.15 Emphasizing equations

(/usr/local/texlive/2024/texmf-dist/tex/latex/mathtools/mhsetup.sty
Package: mhsetup 2021/03/18 v1.4 programming setup (MH)
)
(/usr/local/texlive/2024/texmf-dist/tex/latex/mathtools/mathtools.sty
Package: mathtools 2024/03/11 v1.30 mathematical typesetting tools

(/usr/local/texlive/2024/texmf-dist/tex/latex/tools/calc.sty
Package: calc 2023/07/08 v4.3 Infix arithmetic (KKT,FJ)
\calc@Acount=\count292
\calc@Bcount=\count293
\calc@Adimen=\dimen184
\calc@Bdimen=\dimen185
\calc@Askip=\skip80
\calc@Bskip=\skip81
LaTeX Info: Redefining \setlength on input line 80.
LaTeX Info: Redefining \addtolength on input line 81.
\calc@Ccount=\count294
\calc@Cskip=\skip82
)
\g_MT_multlinerow_int=\count295
\l_MT_multwidth_dim=\dimen186
\origjot=\skip83
\l_MT_shortvdotswithinadjustabove_dim=\dimen187
\l_MT_shortvdotswithinadjustbelow_dim=\dimen188
\l_MT_above_intertext_sep=\dimen189
\l_MT_below_intertext_sep=\dimen190
\l_MT_above_shortintertext_sep=\dimen191
\l_MT_below_shortintertext_sep=\dimen192
\xmathstrut@box=\box64
\xmathstrut@dim=\dimen193
)
\l_EQ_equationtype_int=\count296
\l_EQ_alignmentmode_int=\count297
\l_EQ_totalwidth_dim=\dimen194
\l_EQ_displaywidth_dim=\dimen195
\l_EQ_temp_linewidth_dim=\dimen196
\l_EQ_linewidth_dim=\dimen197
\EmphEqdelimitershortfall=\dimen198
\EmphEqdelimiterfactor=\count298
\g_EQ_toptag_height_dim=\dimen199
\g_EQ_bottomtag_depth_dim=\dimen256
\g_EQ_toprow_height_dim=\dimen257
\g_EQ_bottomrow_depth_dim=\dimen258
\g_EQ_widesttag_dim=\dimen259
\EQ_mathdisplay_box=\box65
\EQ_tag_box=\box66
\g_EQ_temprow_int=\count299
)
(/usr/local/texlive/2024/texmf-dist/tex/latex/psnfss/courier.sty
Package: courier 2020/03/25 PSNFSS-v9.3 (WaS) 
)
(/usr/local/texlive/2024/texmf-dist/tex/latex/lipsum/lipsum.sty
(/usr/local/texlive/2024/texmf-dist/tex/latex/l3packages/l3keys2e/l3keys2e.sty
(/usr/local/texlive/2024/texmf-dist/tex/latex/l3kernel/expl3.sty
Package: expl3 2024-02-20 L3 programming layer (loader) 

(/usr/local/texlive/2024/texmf-dist/tex/latex/l3backend/l3backend-pdftex.def
File: l3backend-pdftex.def 2024-02-20 L3 backend support: PDF output (pdfTeX)
\l__color_backend_stack_int=\count300
\l__pdf_internal_box=\box67
))
Package: l3keys2e 2024-02-18 LaTeX2e option processing using LaTeX3 keys
)
Package: lipsum 2021-09-20 v2.7 150 paragraphs of Lorem Ipsum dummy text
\g__lipsum_par_int=\count301
\l__lipsum_a_int=\count302
\l__lipsum_b_int=\count303
(/usr/local/texlive/2024/texmf-dist/tex/latex/lipsum/lipsum.ltd.tex))
(/usr/local/texlive/2024/texmf-dist/tex/latex/comment/comment.sty
\CommentStream=\write3

Excluding comment 'comment')
(/usr/local/texlive/2024/texmf-dist/tex/latex/gensymb/gensymb.sty
Package: gensymb 2022/10/17 v1.0.2 (KJH)
)
(/usr/local/texlive/2024/texmf-dist/tex/latex/sttools/cuted.sty
Package: cuted 2021/10/04 v2.0 Mixing onecolumn and twocolumn modes
\At@ViperColsBreak=\toks28
\preCutedStrip=\toks29
\postCutedStrip=\toks30
\cuted@@tempbox@a=\box68
\cuted@@tempbox@c=\box69
\cuted@@tempbox@var=\box70
\hold@viper=\box71
\@viper=\box72
\cuted@@varbox@a=\box73
\cuted@@varbox@c=\box74
\cuted@@tempdim@spread=\dimen260
\cuted@@tempdim@a=\dimen261
\cuted@@tempdim@b=\dimen262
\ht@hold@viper=\dimen263
\ht@viper=\dimen264
\var@@pagediscards@ht=\dimen265
\stripsep=\skip84
\viper@penalty=\count304
)
(/usr/local/texlive/2024/texmf-dist/tex/latex/tools/bm.sty
Package: bm 2023/07/08 v1.2f Bold Symbol Support (DPC/FMi)
\symboldoperators=\mathgroup7
\symboldletters=\mathgroup8
\symboldsymbols=\mathgroup9
Package bm Info: No bold for \OMX/cmex/m/n, using \pmb.
Package bm Info: No bold for \U/msa/m/n, using \pmb.
Package bm Info: No bold for \U/msb/m/n, using \pmb.
Package bm Info: No bold for \U/rsfs/m/n, using \pmb.
LaTeX Font Info:    Redeclaring math alphabet \mathbf on input line 149.
)
(/usr/local/texlive/2024/texmf-dist/tex/latex/wasysym/wasysym.sty
Package: wasysym 2020/01/19 v2.4 Wasy-2 symbol support package
\symwasy=\mathgroup10
LaTeX Font Info:    Overwriting symbol font `wasy' in version `bold'
(Font)                  U/wasy/m/n --> U/wasy/b/n on input line 93.
)
(/usr/local/texlive/2024/texmf-dist/tex/generic/soul/soul.sty
Package: soul 2023-06-14 v3.1 Permit use of UTF-8 characters in soul (HO)

(/usr/local/texlive/2024/texmf-dist/tex/generic/soul/soul-ori.sty
Package: soul-ori 2023-06-14 v3.1 letterspacing/underlining (mf)
\SOUL@word=\toks31
\SOUL@lasttoken=\toks32
\SOUL@syllable=\toks33
\SOUL@cmds=\toks34
\SOUL@buffer=\toks35
\SOUL@token=\toks36
\SOUL@syllgoal=\dimen266
\SOUL@syllwidth=\dimen267
\SOUL@charkern=\dimen268
\SOUL@hyphkern=\dimen269
\SOUL@dimen=\dimen270
\SOUL@dimeni=\dimen271
\SOUL@minus=\count305
\SOUL@comma=\count306
\SOUL@apo=\count307
\SOUL@grave=\count308
\SOUL@spaceskip=\skip85
\SOUL@ttwidth=\dimen272
\SOUL@uldp=\dimen273
\SOUL@ulht=\dimen274
)
(/usr/local/texlive/2024/texmf-dist/tex/generic/infwarerr/infwarerr.sty
Package: infwarerr 2019/12/03 v1.5 Providing info/warning/error messages (HO)
)
(/usr/local/texlive/2024/texmf-dist/tex/generic/etexcmds/etexcmds.sty
Package: etexcmds 2019/12/15 v1.7 Avoid name clashes with e-TeX commands (HO)

(/usr/local/texlive/2024/texmf-dist/tex/generic/iftex/iftex.sty
Package: iftex 2022/02/03 v1.0f TeX engine tests
)))
(/usr/local/texlive/2024/texmf-dist/tex/latex/hyperref/hyperref.sty
Package: hyperref 2024-01-20 v7.01h Hypertext links for LaTeX

(/usr/local/texlive/2024/texmf-dist/tex/latex/kvsetkeys/kvsetkeys.sty
Package: kvsetkeys 2022-10-05 v1.19 Key value parser (HO)
)
(/usr/local/texlive/2024/texmf-dist/tex/generic/kvdefinekeys/kvdefinekeys.sty
Package: kvdefinekeys 2019-12-19 v1.6 Define keys (HO)
)
(/usr/local/texlive/2024/texmf-dist/tex/generic/pdfescape/pdfescape.sty
Package: pdfescape 2019/12/09 v1.15 Implements pdfTeX's escape features (HO)

(/usr/local/texlive/2024/texmf-dist/tex/generic/ltxcmds/ltxcmds.sty
Package: ltxcmds 2023-12-04 v1.26 LaTeX kernel commands for general use (HO)
)
(/usr/local/texlive/2024/texmf-dist/tex/generic/pdftexcmds/pdftexcmds.sty
Package: pdftexcmds 2020-06-27 v0.33 Utility functions of pdfTeX for LuaTeX (HO
)
Package pdftexcmds Info: \pdf@primitive is available.
Package pdftexcmds Info: \pdf@ifprimitive is available.
Package pdftexcmds Info: \pdfdraftmode found.
))
(/usr/local/texlive/2024/texmf-dist/tex/latex/hycolor/hycolor.sty
Package: hycolor 2020-01-27 v1.10 Color options for hyperref/bookmark (HO)
)
(/usr/local/texlive/2024/texmf-dist/tex/latex/auxhook/auxhook.sty
Package: auxhook 2019-12-17 v1.6 Hooks for auxiliary files (HO)
)
(/usr/local/texlive/2024/texmf-dist/tex/latex/hyperref/nameref.sty
Package: nameref 2023-11-26 v2.56 Cross-referencing by name of section

(/usr/local/texlive/2024/texmf-dist/tex/latex/refcount/refcount.sty
Package: refcount 2019/12/15 v3.6 Data extraction from label references (HO)
)
(/usr/local/texlive/2024/texmf-dist/tex/generic/gettitlestring/gettitlestring.s
ty
Package: gettitlestring 2019/12/15 v1.6 Cleanup title references (HO)
 (/usr/local/texlive/2024/texmf-dist/tex/latex/kvoptions/kvoptions.sty
Package: kvoptions 2022-06-15 v3.15 Key value format for package options (HO)
))
\c@section@level=\count309
)
(/usr/local/texlive/2024/texmf-dist/tex/latex/etoolbox/etoolbox.sty
Package: etoolbox 2020/10/05 v2.5k e-TeX tools for LaTeX (JAW)
\etb@tempcnta=\count310
)
\@linkdim=\dimen275
\Hy@linkcounter=\count311
\Hy@pagecounter=\count312

(/usr/local/texlive/2024/texmf-dist/tex/latex/hyperref/pd1enc.def
File: pd1enc.def 2024-01-20 v7.01h Hyperref: PDFDocEncoding definition (HO)
Now handling font encoding PD1 ...
... no UTF-8 mapping file for font encoding PD1
)
(/usr/local/texlive/2024/texmf-dist/tex/generic/intcalc/intcalc.sty
Package: intcalc 2019/12/15 v1.3 Expandable calculations with integers (HO)
)
\Hy@SavedSpaceFactor=\count313

(/usr/local/texlive/2024/texmf-dist/tex/latex/hyperref/puenc.def
File: puenc.def 2024-01-20 v7.01h Hyperref: PDF Unicode definition (HO)
Now handling font encoding PU ...
... no UTF-8 mapping file for font encoding PU
)
Package hyperref Info: Option `colorlinks' set `true' on input line 4062.
Package hyperref Info: Option `bookmarks' set `false' on input line 4062.
Package hyperref Info: Option `hypertexnames' set `true' on input line 4062.
Package hyperref Info: Hyper figures OFF on input line 4179.
Package hyperref Info: Link nesting OFF on input line 4184.
Package hyperref Info: Hyper index ON on input line 4187.
Package hyperref Info: Plain pages OFF on input line 4194.
Package hyperref Info: Backreferencing OFF on input line 4199.
Package hyperref Info: Implicit mode ON; LaTeX internals redefined.
Package hyperref Info: Bookmarks OFF on input line 4452.
\c@Hy@tempcnt=\count314

(/usr/local/texlive/2024/texmf-dist/tex/latex/url/url.sty
\Urlmuskip=\muskip17
Package: url 2013/09/16  ver 3.4  Verb mode for urls, etc.
)
LaTeX Info: Redefining \url on input line 4784.
\XeTeXLinkMargin=\dimen276

(/usr/local/texlive/2024/texmf-dist/tex/generic/bitset/bitset.sty
Package: bitset 2019/12/09 v1.3 Handle bit-vector datatype (HO)

(/usr/local/texlive/2024/texmf-dist/tex/generic/bigintcalc/bigintcalc.sty
Package: bigintcalc 2019/12/15 v1.5 Expandable calculations on big integers (HO
)
))
\Fld@menulength=\count315
\Field@Width=\dimen277
\Fld@charsize=\dimen278
Package hyperref Info: Hyper figures OFF on input line 6063.
Package hyperref Info: Link nesting OFF on input line 6068.
Package hyperref Info: Hyper index ON on input line 6071.
Package hyperref Info: backreferencing OFF on input line 6078.
Package hyperref Info: Link coloring OFF on input line 6083.
Package hyperref Info: Link coloring with OCG OFF on input line 6088.
Package hyperref Info: PDF/A mode OFF on input line 6093.

(/usr/local/texlive/2024/texmf-dist/tex/latex/base/atbegshi-ltx.sty
Package: atbegshi-ltx 2021/01/10 v1.0c Emulation of the original atbegshi
package with kernel methods
)
\Hy@abspage=\count316
\c@Item=\count317
\c@Hfootnote=\count318
)
Package hyperref Info: Driver (autodetected): hpdftex.

(/usr/local/texlive/2024/texmf-dist/tex/latex/hyperref/hpdftex.def
File: hpdftex.def 2024-01-20 v7.01h Hyperref driver for pdfTeX

(/usr/local/texlive/2024/texmf-dist/tex/latex/base/atveryend-ltx.sty
Package: atveryend-ltx 2020/08/19 v1.0a Emulation of the original atveryend pac
kage
with kernel methods
)
\Fld@listcount=\count319
\c@bookmark@seq@number=\count320

(/usr/local/texlive/2024/texmf-dist/tex/latex/rerunfilecheck/rerunfilecheck.sty
Package: rerunfilecheck 2022-07-10 v1.10 Rerun checks for auxiliary files (HO)

(/usr/local/texlive/2024/texmf-dist/tex/generic/uniquecounter/uniquecounter.sty
Package: uniquecounter 2019/12/15 v1.4 Provide unlimited unique counter (HO)
)
Package uniquecounter Info: New unique counter `rerunfilecheck' on input line 2
85.
)
\Hy@SectionHShift=\skip86
) (./commands.tex
\c@examplecounter=\count321
\c@problemcounter=\count322
\c@defcounter=\count323
) (./main.aux)
\openout1 = `main.aux'.

LaTeX Font Info:    Checking defaults for OML/cmm/m/it on input line 56.
LaTeX Font Info:    ... okay on input line 56.
LaTeX Font Info:    Checking defaults for OMS/cmsy/m/n on input line 56.
LaTeX Font Info:    ... okay on input line 56.
LaTeX Font Info:    Checking defaults for OT1/cmr/m/n on input line 56.
LaTeX Font Info:    ... okay on input line 56.
LaTeX Font Info:    Checking defaults for T1/cmr/m/n on input line 56.
LaTeX Font Info:    ... okay on input line 56.
LaTeX Font Info:    Checking defaults for TS1/cmr/m/n on input line 56.
LaTeX Font Info:    ... okay on input line 56.
LaTeX Font Info:    Checking defaults for OMX/cmex/m/n on input line 56.
LaTeX Font Info:    ... okay on input line 56.
LaTeX Font Info:    Checking defaults for U/cmr/m/n on input line 56.
LaTeX Font Info:    ... okay on input line 56.
LaTeX Font Info:    Checking defaults for PD1/pdf/m/n on input line 56.
LaTeX Font Info:    ... okay on input line 56.
LaTeX Font Info:    Checking defaults for PU/pdf/m/n on input line 56.
LaTeX Font Info:    ... okay on input line 56.

-- Lines per column: 58 (exact).
(/usr/local/texlive/2024/texmf-dist/tex/context/base/mkii/supp-pdf.mkii
[Loading MPS to PDF converter (version 2006.09.02).]
\scratchcounter=\count324
\scratchdimen=\dimen279
\scratchbox=\box75
\nofMPsegments=\count325
\nofMParguments=\count326
\everyMPshowfont=\toks37
\MPscratchCnt=\count327
\MPscratchDim=\dimen280
\MPnumerator=\count328
\makeMPintoPDFobject=\count329
\everyMPtoPDFconversion=\toks38
) (/usr/local/texlive/2024/texmf-dist/tex/latex/epstopdf-pkg/epstopdf-base.sty
Package: epstopdf-base 2020-01-24 v2.11 Base part for package epstopdf
Package epstopdf-base Info: Redefining graphics rule for `.eps' on input line 4
85.

(/usr/local/texlive/2024/texmf-dist/tex/latex/latexconfig/epstopdf-sys.cfg
File: epstopdf-sys.cfg 2010/07/13 v1.3 Configuration of (r)epstopdf for TeX Liv
e
))
\symgns@font=\mathgroup11
LaTeX Font Info:    Overwriting symbol font `gns@font' in version `bold'
(Font)                  TS1/ptm/m/n --> TS1/ptm/b/n on input line 56.
Package gensymb Info: Math companion symbols declared on input line 56.
LaTeX Info: Redefining \degree on input line 56.
LaTeX Info: Redefining \celsius on input line 56.
Package gensymb Info: Using text companion symbols for \degree, \celsius and \p
erthousand on input line 56.
LaTeX Info: Redefining \ohm on input line 56.
Package gensymb Info: Using \textohm for \ohm on input line 56.
Package gensymb Info: Using \textmu for \micro on input line 56.
Package hyperref Info: Link coloring OFF on input line 56.

(./journal_tex/abstract.tex
LaTeX Font Info:    Trying to load font information for U+msa on input line 34.


(/usr/local/texlive/2024/texmf-dist/tex/latex/amsfonts/umsa.fd
File: umsa.fd 2013/01/14 v3.01 AMS symbols A
)
LaTeX Font Info:    Trying to load font information for U+msb on input line 34.


(/usr/local/texlive/2024/texmf-dist/tex/latex/amsfonts/umsb.fd
File: umsb.fd 2013/01/14 v3.01 AMS symbols B
)
LaTeX Font Info:    Trying to load font information for U+rsfs on input line 34
.

(/usr/local/texlive/2024/texmf-dist/tex/latex/jknapltx/ursfs.fd
File: ursfs.fd 1998/03/24 rsfs font definition file (jk)
)
LaTeX Font Info:    Trying to load font information for U+wasy on input line 34
.

(/usr/local/texlive/2024/texmf-dist/tex/latex/wasysym/uwasy.fd
File: uwasy.fd 2020/01/19 v2.4 Wasy-2 symbol font definitions
)
LaTeX Font Info:    Trying to load font information for TS1+ptm on input line 3
4.

(/usr/local/texlive/2024/texmf-dist/tex/latex/psnfss/ts1ptm.fd
File: ts1ptm.fd 2001/06/04 font definitions for TS1/ptm.
))
(./journal_tex/introduction.tex
! Undefined control sequence.
l.2 ...ving beyond blind walking strategies \citep
                                                  {di2018dynamic,kim2019high...
The control sequence at the end of the top line
of your error message was never \def'ed. If you have
misspelled it (e.g., `\hobx'), type `I' and the correct
spelling (e.g., `I\hbox'). Otherwise just continue,
and I'll forget about whatever was undefined.

! Undefined control sequence.
l.2 ...nd a nominal trajectory in real time \citep
                                                  {fankhauser2018robust,gran...
The control sequence at the end of the top line
of your error message was never \def'ed. If you have
misspelled it (e.g., `\hobx'), type `I' and the correct
spelling (e.g., `I\hbox'). Otherwise just continue,
and I'll forget about whatever was undefined.

! Undefined control sequence.
l.2 ... explored variable gait patterns. In \citep
                                                  {Park2015OnlinePF, kim2020...
The control sequence at the end of the top line
of your error message was never \def'ed. If you have
misspelled it (e.g., `\hobx'), type `I' and the correct
spelling (e.g., `I\hbox'). Otherwise just continue,
and I'll forget about whatever was undefined.

! Undefined control sequence.
l.2 ...cs models during trajectory sampling \citep
                                                  {norby2020fast}, or rely o...
The control sequence at the end of the top line
of your error message was never \def'ed. If you have
misspelled it (e.g., `\hobx'), type `I' and the correct
spelling (e.g., `I\hbox'). Otherwise just continue,
and I'll forget about whatever was undefined.

! Undefined control sequence.
l.2 ...ed classifiers to assess feasibility \citep
                                                  {chignoli2022rapid}. Howev...
The control sequence at the end of the top line
of your error message was never \def'ed. If you have
misspelled it (e.g., `\hobx'), type `I' and the correct
spelling (e.g., `I\hbox'). Otherwise just continue,
and I'll forget about whatever was undefined.

! Undefined control sequence.
l.2 ... for agile, variable-gait locomotion \citep
                                                  {zhao2022reactive,shamsah2...
The control sequence at the end of the top line
of your error message was never \def'ed. If you have
misspelled it (e.g., `\hobx'), type `I' and the correct
spelling (e.g., `I\hbox'). Otherwise just continue,
and I'll forget about whatever was undefined.


Underfull \hbox (badness 5756) in paragraph at lines 2--3
[]\OT1/ptm/m/n/10 Terrain-adaptive lo-co-mo-tion is es-sen-tial for en-hanc-
 []


Underfull \hbox (badness 6252) in paragraph at lines 2--3
\OT1/ptm/m/n/10 ing the mo-bil-ity of legged robots and mov-ing be-
 []


Underfull \hbox (badness 4886) in paragraph at lines 2--3
\OT1/ptm/m/n/10 To fur-ther boost traversabil-ity, some ap-proaches have
 []


Underfull \hbox (badness 7777) in paragraph at lines 2--3
\OT1/ptm/m/n/10 ex-plored vari-able gait pat-terns. In Park2015OnlinePF,
 []

<system_diagram.png, id=5, 874.76813pt x 670.75594pt>
File: system_diagram.png Graphic file (type png)
<use system_diagram.png>
Package pdftex.def Info: system_diagram.png  used on input line 7.
(pdftex.def)             Requested size: 252.0pt x 193.22464pt.
! Undefined control sequence.
l.15 ...ger programming (MIP)-based methods \citep
                                                  {valenzuela2016mixed,shira...
The control sequence at the end of the top line
of your error message was never \def'ed. If you have
misspelled it (e.g., `\hobx'), type `I' and the correct
spelling (e.g., `I\hbox'). Otherwise just continue,
and I'll forget about whatever was undefined.

! Undefined control sequence.
l.15 ...s kinematic and dynamic constraints \citep
                                                  {deits2014footstep}. When ...
The control sequence at the end of the top line
of your error message was never \def'ed. If you have
misspelled it (e.g., `\hobx'), type `I' and the correct
spelling (e.g., `I\hbox'). Otherwise just continue,
and I'll forget about whatever was undefined.

! Undefined control sequence.
l.15 ...ate of feasibility upon convergence \citep
                                                  {dai2019global}, making it...
The control sequence at the end of the top line
of your error message was never \def'ed. If you have
misspelled it (e.g., `\hobx'), type `I' and the correct
spelling (e.g., `I\hbox'). Otherwise just continue,
and I'll forget about whatever was undefined.

! Undefined control sequence.
l.16 ...d, such as fixing contact sequences \citep
                                                  {ding2020kinodynamic,fey20...
The control sequence at the end of the top line
of your error message was never \def'ed. If you have
misspelled it (e.g., `\hobx'), type `I' and the correct
spelling (e.g., `I\hbox'). Otherwise just continue,
and I'll forget about whatever was undefined.

! Undefined control sequence.
l.16 ...mic,fey20243d}, constraining timing \citep
                                                  {ponton2016convex,risbourg...
The control sequence at the end of the top line
of your error message was never \def'ed. If you have
misspelled it (e.g., `\hobx'), type `I' and the correct
spelling (e.g., `I\hbox'). Otherwise just continue,
and I'll forget about whatever was undefined.

! Undefined control sequence.
l.16 ...or limiting the number of footsteps \citep
                                                  {aceituno2017simultaneous}...
The control sequence at the end of the top line
of your error message was never \def'ed. If you have
misspelled it (e.g., `\hobx'), type `I' and the correct
spelling (e.g., `I\hbox'). Otherwise just continue,
and I'll forget about whatever was undefined.

! Undefined control sequence.
l.18 ...tered around intermediate waypoints \citep
                                                  {fankhauser2018robust}. De...
The control sequence at the end of the top line
of your error message was never \def'ed. If you have
misspelled it (e.g., `\hobx'), type `I' and the correct
spelling (e.g., `I\hbox'). Otherwise just continue,
and I'll forget about whatever was undefined.

! Undefined control sequence.
l.19 ...-based reactive synthesis framework \citep
                                                  {bloem2012synthesis}, whic...
The control sequence at the end of the top line
of your error message was never \def'ed. If you have
misspelled it (e.g., `\hobx'), type `I' and the correct
spelling (e.g., `I\hbox'). Otherwise just continue,
and I'll forget about whatever was undefined.

! Undefined control sequence.
<argument> ...`eventually,'' and ``until''~\citep 
                                                  {piterman2006synthesis,blo...
l.20 ...ruction guarantees at the symbolic level.}
                                                  
The control sequence at the end of the top line
of your error message was never \def'ed. If you have
misspelled it (e.g., `\hobx'), type `I' and the correct
spelling (e.g., `I\hbox'). Otherwise just continue,
and I'll forget about whatever was undefined.

[1{/usr/local/texlive/2024/texmf-var/fonts/map/pdftex/updmap/pdftex.map}{/usr/l
ocal/texlive/2024/texmf-dist/fonts/enc/dvips/base/8r.enc}


 <./system_diagram.png>]
! Undefined control sequence.
<argument> ...y in the number of variables~\citep 
                                                  {bloem2012synthesis}, it i...
l.28 ...rate new locomotion gaits when necessary.}
                                                  
The control sequence at the end of the top line
of your error message was never \def'ed. If you have
misspelled it (e.g., `\hobx'), type `I' and the correct
spelling (e.g., `I\hbox'). Otherwise just continue,
and I'll forget about whatever was undefined.

! Undefined control sequence.
l.33 ...ommands from a higher-level planner \citep
                                                  {wermelinger2016navigation...
The control sequence at the end of the top line
of your error message was never \def'ed. If you have
misspelled it (e.g., `\hobx'), type `I' and the correct
spelling (e.g., `I\hbox'). Otherwise just continue,
and I'll forget about whatever was undefined.


Underfull \hbox (badness 10000) in paragraph at lines 33--34
[]\OT1/ptm/m/n/10 The pro-posed frame-work re-mains flex-i-ble and
 []


Underfull \hbox (badness 10000) in paragraph at lines 33--34
\OT1/ptm/m/n/10 modular---it can be driven by com-mands from a
 []


Underfull \hbox (badness 10000) in paragraph at lines 33--34
\OT1/ptm/m/n/10 higher-level plan-ner wer-melinger2016navigation, fern-
 []


Overfull \hbox (98.31778pt too wide) in paragraph at lines 33--34
\OT1/ptm/m/n/10 bach2017kinodynamic,norby2020fast,chignoli2022rapid,liao2023wal
king,feng2023gpf
 []

! Undefined control sequence.
l.49 ...ersion of this work is presented in \citep
                                                  {zhou2025physically}. The ...
The control sequence at the end of the top line
of your error message was never \def'ed. If you have
misspelled it (e.g., `\hobx'), type `I' and the correct
spelling (e.g., `I\hbox'). Otherwise just continue,
and I'll forget about whatever was undefined.


Underfull \hbox (badness 3078) in paragraph at lines 49--51
[]\OT1/ptm/m/n/10 A con-fer-ence ver-sion of this work is pre-sented in
 []

[2]) (./journal_tex/related_work.tex
! Undefined control sequence.
l.5 ...amics through graph-based approaches \citep
                                                  {kolter2008control,kalakri...
The control sequence at the end of the top line
of your error message was never \def'ed. If you have
misspelled it (e.g., `\hobx'), type `I' and the correct
spelling (e.g., `I\hbox'). Otherwise just continue,
and I'll forget about whatever was undefined.

! Undefined control sequence.
l.5 ...ep} or optimization-based approaches \citep
                                                  {deits2014footstep,tonneau...
The control sequence at the end of the top line
of your error message was never \def'ed. If you have
misspelled it (e.g., `\hobx'), type `I' and the correct
spelling (e.g., `I\hbox'). Otherwise just continue,
and I'll forget about whatever was undefined.

! Undefined control sequence.
l.7 ...be generated for very rough terrains \citep
                                                  {hauser2005non,bretl2006mo...
The control sequence at the end of the top line
of your error message was never \def'ed. If you have
misspelled it (e.g., `\hobx'), type `I' and the correct
spelling (e.g., `I\hbox'). Otherwise just continue,
and I'll forget about whatever was undefined.


Underfull \hbox (badness 10000) in paragraph at lines 3--9
[]\OT1/ptm/m/n/10 Planning for terrain-adaptive lo-co-mo-tion can be
 []


Underfull \hbox (badness 2197) in paragraph at lines 3--9
\OT1/ptm/m/n/10 boiled down into solv-ing con-tact se-quence and tim-ing
 []


Underfull \hbox (badness 2799) in paragraph at lines 3--9
\OT1/ptm/m/n/10 (equiv-a-lently gait), lo-ca-tion (equiv-a-lently foothold), an
d
 []


Underfull \hbox (badness 4967) in paragraph at lines 3--9
\OT1/ptm/m/n/10 given the cho-sen kine-mat-ics/dynamics model and the
 []


Underfull \hbox (badness 10000) in paragraph at lines 3--9
\OT1/ptm/m/n/10 per-ceived ter-rain in-for-ma-tion. Hi-er-ar-chi-cal ap-proache
s
 []


Underfull \hbox (badness 4168) in paragraph at lines 3--9
\OT1/ptm/m/n/10 first sep-a-rately or si-mul-ta-ne-ously ad-dress part of the
 []


Underfull \hbox (badness 3838) in paragraph at lines 3--9
\OT1/ptm/m/n/10 for higher com-pu-ta-tional ef-fi-ciency. Kine-matic foot-step
 []


Underfull \hbox (badness 2020) in paragraph at lines 3--9
\OT1/ptm/m/n/10 plan-ning fo-cuses on the first two prob-lems, ne-glect-ing
 []


Underfull \hbox (badness 10000) in paragraph at lines 3--9
\OT1/ptm/m/n/10 the robot dy-nam-ics through graph-based ap-proaches
 []


Overfull \hbox (217.47571pt too wide) in paragraph at lines 3--9
\OT1/ptm/m/n/10 kolter2008control,kalakrishnan2010fast,winkler2014path,mastalli
2015line,fankhauser2018robust,griffin2019footstep
 []


Underfull \hbox (badness 10000) in paragraph at lines 3--9
\OT1/ptm/m/n/10 or optimization-based ap-proaches
 []


Underfull \hbox (badness 10000) in paragraph at lines 3--9
\OT1/ptm/m/n/10 deits2014footstep,tonneau2020sl1m,risbourg2022real,
 []


Underfull \hbox (badness 10000) in paragraph at lines 3--9
\OT1/ptm/m/n/10 ren2025accelerating. Al-though non-fixed gait/contact
 []


Underfull \hbox (badness 10000) in paragraph at lines 3--9
\OT1/ptm/m/n/10 plans can be gen-er-ated for very rough ter-rains
 []


Underfull \hbox (badness 10000) in paragraph at lines 3--9
\OT1/ptm/m/n/10 hauser2005non,bretl2006motion,tonneau2018efficient,
 []

! Undefined control sequence.
l.11 ...performed based on heuristic search \citep
                                                  {jenelten2020perceptive,ki...
The control sequence at the end of the top line
of your error message was never \def'ed. If you have
misspelled it (e.g., `\hobx'), type `I' and the correct
spelling (e.g., `I\hbox'). Otherwise just continue,
and I'll forget about whatever was undefined.

! Undefined control sequence.
l.11 ...l2022vision} or learning approaches \citep
                                                  {magana2019fast, villarrea...
The control sequence at the end of the top line
of your error message was never \def'ed. If you have
misspelled it (e.g., `\hobx'), type `I' and the correct
spelling (e.g., `I\hbox'). Otherwise just continue,
and I'll forget about whatever was undefined.

! Undefined control sequence.
l.12 In \citep
              {grandia2021multi,jenelten2022tamols,grandia2023perceptive}, t...
The control sequence at the end of the top line
of your error message was never \def'ed. If you have
misspelled it (e.g., `\hobx'), type `I' and the correct
spelling (e.g., `I\hbox'). Otherwise just continue,
and I'll forget about whatever was undefined.

! Undefined control sequence.
l.12 ... terrain uncertainty quantification \citep
                                                  {muenprasitivej2024bipedal...
The control sequence at the end of the top line
of your error message was never \def'ed. If you have
misspelled it (e.g., `\hobx'), type `I' and the correct
spelling (e.g., `I\hbox'). Otherwise just continue,
and I'll forget about whatever was undefined.


Underfull \hbox (badness 10000) in paragraph at lines 10--14
[]\OT1/ptm/m/n/10 Given the re-cent ad-vances in optimization-based
 []


Underfull \hbox (badness 6332) in paragraph at lines 10--14
\OT1/ptm/m/n/10 ap-proaches, no-tably Model Pre-dic-tive Con-trol (MPC),
 []


Underfull \hbox (badness 10000) in paragraph at lines 10--14
\OT1/ptm/m/n/10 adap-ta-tion and the in-te-gra-tion of robot dy-nam-ics
 []


Underfull \hbox (badness 10000) in paragraph at lines 10--14
\OT1/ptm/m/n/10 for dy-namic lo-co-mo-tion. In-stan-ta-neous foothold
 []


Underfull \hbox (badness 7379) in paragraph at lines 10--14
\OT1/ptm/m/n/10 adap-ta-tion around a nom-i-nal lo-ca-tion, with a fixed
 []


Underfull \hbox (badness 10000) in paragraph at lines 10--14
\OT1/ptm/m/n/10 jenel-ten2020perceptive,kim2020vision,agrawal2022vision
 []


Underfull \hbox (badness 10000) in paragraph at lines 10--14
\OT1/ptm/m/n/10 or learn-ing ap-proaches ma-g-ana2019fast, vil-lar-
 []


Underfull \hbox (badness 10000) in paragraph at lines 10--14
\OT1/ptm/m/n/10 real2020mpc,yu2021visual,gangapurwala2022rloc,
 []


Underfull \hbox (badness 10000) in paragraph at lines 10--14
\OT1/ptm/m/n/10 wu2025learn, Kamo-hara2025RLMPC. In
 []


Underfull \hbox (badness 10000) in paragraph at lines 10--14
\OT1/ptm/m/n/10 grandia2021multi,jenelten2022tamols,grandia2023perceptive,
 []


Underfull \hbox (badness 10000) in paragraph at lines 10--14
\OT1/ptm/m/n/10 the base pose and foothold are op-ti-mized jointly,
 []


Underfull \hbox (badness 10000) in paragraph at lines 10--14
\OT1/ptm/m/n/10 demon-strat-ing im-pres-sive ter-rain travers-ing ca-pa-bil-i-t
ies
 []


Underfull \hbox (badness 1910) in paragraph at lines 10--14
\OT1/ptm/m/n/10 within hi-er-ar-chi-cally in-te-grated plan-ning frame-works fo
r
 []

! Undefined control sequence.
l.16 In \citep
              {Park2015OnlinePF, kim2020vision,gilroy2021autonomous}, jumpin...
The control sequence at the end of the top line
of your error message was never \def'ed. If you have
misspelled it (e.g., `\hobx'), type `I' and the correct
spelling (e.g., `I\hbox'). Otherwise just continue,
and I'll forget about whatever was undefined.

! Undefined control sequence.
l.17 In \citep
              {fernbach2017kinodynamic,norby2020fast,chignoli2022rapid}, RRT...
The control sequence at the end of the top line
of your error message was never \def'ed. If you have
misspelled it (e.g., `\hobx'), type `I' and the correct
spelling (e.g., `I\hbox'). Otherwise just continue,
and I'll forget about whatever was undefined.

! Undefined control sequence.
l.17 ...reduced-order model during sampling \citep
                                                  {norby2020fast} or decided...
The control sequence at the end of the top line
of your error message was never \def'ed. If you have
misspelled it (e.g., `\hobx'), type `I' and the correct
spelling (e.g., `I\hbox'). Otherwise just continue,
and I'll forget about whatever was undefined.

! Undefined control sequence.
l.17 ... pre-trained feasibility classifier \citep
                                                  {chignoli2022rapid}.
The control sequence at the end of the top line
of your error message was never \def'ed. If you have
misspelled it (e.g., `\hobx'), type `I' and the correct
spelling (e.g., `I\hbox'). Otherwise just continue,
and I'll forget about whatever was undefined.

! Undefined control sequence.
l.19 ...further categorized into model-free \citep
                                                  {da2021learning,yang2022fa...
The control sequence at the end of the top line
of your error message was never \def'ed. If you have
misspelled it (e.g., `\hobx'), type `I' and the correct
spelling (e.g., `I\hbox'). Otherwise just continue,
and I'll forget about whatever was undefined.

! Undefined control sequence.
l.19 ...24learning} and model-based methods \citep
                                                  {boussema2019online,wang20...
The control sequence at the end of the top line
of your error message was never \def'ed. If you have
misspelled it (e.g., `\hobx'), type `I' and the correct
spelling (e.g., `I\hbox'). Otherwise just continue,
and I'll forget about whatever was undefined.


Underfull \hbox (badness 6575) in paragraph at lines 15--20
\OT1/ptm/m/n/10 a fixed gait pat-tern that usu-ally pro-hibits achiev-ing
 []


Underfull \hbox (badness 10000) in paragraph at lines 15--20
\OT1/ptm/m/n/10 kim2020vision,gilroy2021autonomous, jump-ing mo-tions
 []


Underfull \hbox (badness 10000) in paragraph at lines 15--20
\OT1/ptm/m/n/10 fern-bach2017kinodynamic,norby2020fast,chignoli2022rapid,
 []


Underfull \hbox (badness 2103) in paragraph at lines 15--20
\OT1/ptm/m/n/10 plan-ning, and the switch be-tween nor-mal walk-ing and
 []


Underfull \hbox (badness 4391) in paragraph at lines 15--20
\OT1/ptm/m/n/10 dur-ing sam-pling norby2020fast or de-cided by a pre-
 []


Underfull \hbox (badness 10000) in paragraph at lines 15--20
\OT1/ptm/m/n/10 trained fea-si-bil-ity clas-si-fier chig-noli2022rapid. Be-yond

 []


Underfull \hbox (badness 2608) in paragraph at lines 15--20
\OT1/ptm/m/n/10 lim-ited gait modes, other works fo-cus on on-line gait
 []


Underfull \hbox (badness 1708) in paragraph at lines 15--20
\OT1/ptm/m/n/10 plan-ning and/or foothold se-lec-tion and de-ploy MPC to
 []


Underfull \hbox (badness 2608) in paragraph at lines 15--20
\OT1/ptm/m/n/10 track the plan, which can be fur-ther cat-e-go-rized into
 []


Underfull \hbox (badness 10000) in paragraph at lines 15--20
\OT1/ptm/m/n/10 model-free da2021learning,yang2022fast,xie2022glide,pmlr-
 []

! Undefined control sequence.
<argument> ...unstructured outdoor terrain~\citep 
                                                  {hoeller2023anymal,gangapu...
l.21 ...s as complementary rather than competing.}
                                                  
The control sequence at the end of the top line
of your error message was never \def'ed. If you have
misspelled it (e.g., `\hobx'), type `I' and the correct
spelling (e.g., `I\hbox'). Otherwise just continue,
and I'll forget about whatever was undefined.


Underfull \hbox (badness 10000) in paragraph at lines 21--22
[]\OT1/ptm/m/n/10 A com-ple-men-tary line of work uses end-to-end
 []


Underfull \hbox (badness 10000) in paragraph at lines 21--22
\OT1/ptm/m/n/10 re-in-force-ment learn-ing to train per-cep-tive lo-co-mo-tion
 []


Underfull \hbox (badness 10000) in paragraph at lines 21--22
\OT1/ptm/m/n/10 poli-cies that di-rectly map ter-rain ob-ser-va-tions to
 []


Underfull \hbox (badness 10000) in paragraph at lines 21--22
\OT1/ptm/m/n/10 joint com-mands, achiev-ing im-pres-sive ro-bust-ness
 []


Underfull \hbox (badness 10000) in paragraph at lines 21--22
\OT1/ptm/m/n/10 on stairs, gaps, and un-struc-tured out-door ter-
 []


Overfull \hbox (38.36755pt too wide) in paragraph at lines 21--22
\OT1/ptm/m/n/10 rain hoeller2023anymal,gangapurwala2022rloc,miki2022elevation,p
mlr-
 []


Underfull \hbox (badness 10000) in paragraph at lines 21--22
\OT1/ptm/m/n/10 v164-margolis22a. Com-pared with these data-driven
 []


Underfull \hbox (badness 1960) in paragraph at lines 21--22
\OT1/ptm/m/n/10 ap-proaches, our model-based, formal-methods frame-work
 []

! Undefined control sequence.
l.25 One approach is to incorporate rigid \citep
                                                {posa2014direct} or smoothed...
The control sequence at the end of the top line
of your error message was never \def'ed. If you have
misspelled it (e.g., `\hobx'), type `I' and the correct
spelling (e.g., `I\hbox'). Otherwise just continue,
and I'll forget about whatever was undefined.

! Undefined control sequence.
l.25 ... \citep{posa2014direct} or smoothed \citep
                                                  {mordatch2012discovery, dr...
The control sequence at the end of the top line
of your error message was never \def'ed. If you have
misspelled it (e.g., `\hobx'), type `I' and the correct
spelling (e.g., `I\hbox'). Otherwise just continue,
and I'll forget about whatever was undefined.

! Undefined control sequence.
l.25 ...mplicit MPC results are reported in \citep
                                                  {aydinoglu2022real,le2024f...
The control sequence at the end of the top line
of your error message was never \def'ed. If you have
misspelled it (e.g., `\hobx'), type `I' and the correct
spelling (e.g., `I\hbox'). Otherwise just continue,
and I'll forget about whatever was undefined.

! Undefined control sequence.
l.27 ...t each timestep as binary variables \citep
                                                  {valenzuela2016mixed,shira...
The control sequence at the end of the top line
of your error message was never \def'ed. If you have
misspelled it (e.g., `\hobx'), type `I' and the correct
spelling (e.g., `I\hbox'). Otherwise just continue,
and I'll forget about whatever was undefined.

! Undefined control sequence.
l.28 ...vex problem exists upon convergence \citep
                                                  {dai2019global}, providing...
The control sequence at the end of the top line
of your error message was never \def'ed. If you have
misspelled it (e.g., `\hobx'), type `I' and the correct
spelling (e.g., `I\hbox'). Otherwise just continue,
and I'll forget about whatever was undefined.

! Undefined control sequence.
l.29 ...many binary variables, the works of \citep
                                                  {ponton2016convex,ding2020...
The control sequence at the end of the top line
of your error message was never \def'ed. If you have
misspelled it (e.g., `\hobx'), type `I' and the correct
spelling (e.g., `I\hbox'). Otherwise just continue,
and I'll forget about whatever was undefined.

! Undefined control sequence.
l.29 ... selection. Aceituno-Cabezas et al. \citep
                                                  {aceituno2017simultaneous}...
The control sequence at the end of the top line
of your error message was never \def'ed. If you have
misspelled it (e.g., `\hobx'), type `I' and the correct
spelling (e.g., `I\hbox'). Otherwise just continue,
and I'll forget about whatever was undefined.


Overfull \hbox (2.00758pt too wide) in paragraph at lines 27--31
\OT1/ptm/m/n/10 zuela2016mixed,shirai2022simultaneous,jiang2023locomotion.
 []


Underfull \hbox (badness 10000) in paragraph at lines 27--31
\OT1/ptm/m/n/10 Pro-gram (MIP). Con-vex ap-prox-i-ma-tions of non-lin-ear
 []


Underfull \hbox (badness 4254) in paragraph at lines 27--31
\OT1/ptm/m/n/10 dy-nam-ics, usu-ally cen-troidal dy-nam-ics, and con-straints
 []


Underfull \hbox (badness 5924) in paragraph at lines 27--31
\OT1/ptm/m/n/10 are typ-i-cally re-quired to trans-form the MIP into a
 []


Underfull \hbox (badness 1762) in paragraph at lines 27--31
\OT1/ptm/m/n/10 more tractable Mixed In-te-ger Con-vex Pro-gram (MICP),
 []


Underfull \hbox (badness 2460) in paragraph at lines 27--31
\OT1/ptm/m/n/10 global cer-tifi-cate for the ap-prox-i-mated con-vex prob-lem
 []


Underfull \hbox (badness 10000) in paragraph at lines 27--31
\OT1/ptm/m/n/10 ex-ists upon con-ver-gence dai2019global, pro-vid-ing an
 []


Underfull \hbox (badness 4981) in paragraph at lines 27--31
\OT1/ptm/m/n/10 method. To re-lieve the com-pu-ta-tional bur-den due to
 []


Underfull \hbox (badness 10000) in paragraph at lines 27--31
\OT1/ptm/m/n/10 pon-ton2016convex,ding2020kinodynamic,acosta2023bipedal
 []

[3]
! Undefined control sequence.
l.62 ...nable feasible symbolic transitions \citep
                                                  {garrett2021integrated, zh...
The control sequence at the end of the top line
of your error message was never \def'ed. If you have
misspelled it (e.g., `\hobx'), type `I' and the correct
spelling (e.g., `I\hbox'). Otherwise just continue,
and I'll forget about whatever was undefined.

! Undefined control sequence.
l.62 ...e Logic Geometric Programming (LGP) \citep
                                                  {toussaint2015logic} and e...
The control sequence at the end of the top line
of your error message was never \def'ed. If you have
misspelled it (e.g., `\hobx'), type `I' and the correct
spelling (e.g., `I\hbox'). Otherwise just continue,
and I'll forget about whatever was undefined.

! Undefined control sequence.
l.63 ...ing contact-rich tool-use behaviors \citep
                                                  {toussaint2018differentiable}
The control sequence at the end of the top line
of your error message was never \def'ed. If you have
misspelled it (e.g., `\hobx'), type `I' and the correct
spelling (e.g., `I\hbox'). Otherwise just continue,
and I'll forget about whatever was undefined.

! Undefined control sequence.
l.65 ...d, including versatile manipulation \citep
                                                  {migimatsu2020object,zhao2...
The control sequence at the end of the top line
of your error message was never \def'ed. If you have
misspelled it (e.g., `\hobx'), type `I' and the correct
spelling (e.g., `I\hbox'). Otherwise just continue,
and I'll forget about whatever was undefined.

! Undefined control sequence.
l.65 ...sydebo} and loco-manipulation tasks \citep
                                                  {sleiman2023versatile}.
The control sequence at the end of the top line
of your error message was never \def'ed. If you have
misspelled it (e.g., `\hobx'), type `I' and the correct
spelling (e.g., `I\hbox'). Otherwise just continue,
and I'll forget about whatever was undefined.

! Undefined control sequence.
l.66 In a similar vein, works such as \citep
                                            {ding2021hybrid,shirai2021lto,je...
The control sequence at the end of the top line
of your error message was never \def'ed. If you have
misspelled it (e.g., `\hobx'), type `I' and the correct
spelling (e.g., `I\hbox'). Otherwise just continue,
and I'll forget about whatever was undefined.


Underfull \hbox (badness 2591) in paragraph at lines 62--67
[]\OT1/ptm/m/n/10 Task and Mo-tion Plan-ning (TAMP) for-mally de-fines
 []


Underfull \hbox (badness 3240) in paragraph at lines 62--67
\OT1/ptm/m/n/10 symbolic-level tasks and searches through a graph of
 []


Underfull \hbox (badness 2020) in paragraph at lines 62--67
\OT1/ptm/m/n/10 Logic Ge-o-met-ric Pro-gram-ming (LGP) tou-s-saint2015logic
 []


Underfull \hbox (badness 2237) in paragraph at lines 62--67
\OT1/ptm/m/n/10 and em-bed the high-level logic rep-re-sen-ta-tion into the
 []


Underfull \hbox (badness 1472) in paragraph at lines 62--67
\OT1/ptm/m/n/10 ac-tion prim-i-tives. Build-ing on this, a broader range of
 []


Overfull \hbox (406.00365pt too wide) in paragraph at lines 62--67
\OT1/ptm/m/n/10 ding2021hybrid,shirai2021lto,jelavic2021combined,amatucci2022mo
nte,chen2021trajectotree,zhang2023simultaneous,zhu2023efficient,asselmeier2024h
ierarchical
 []


Underfull \hbox (badness 3815) in paragraph at lines 62--67
\OT1/ptm/m/n/10 in-te-grate graph-search or sampling-based meth-ods with
 []


Underfull \hbox (badness 10000) in paragraph at lines 62--67
\OT1/ptm/m/n/10 optimization-based ap-proaches in a holis-tic man-ner,
 []

! Undefined control sequence.
l.68 ...s guarantees within the task domain \citep
                                                  {kress2018synthesis}. Thes...
The control sequence at the end of the top line
of your error message was never \def'ed. If you have
misspelled it (e.g., `\hobx'), type `I' and the correct
spelling (e.g., `I\hbox'). Otherwise just continue,
and I'll forget about whatever was undefined.

! Undefined control sequence.
l.68 ...ions on topological maps of terrain \citep
                                                  {kulgod2020temporal,zhou20...
The control sequence at the end of the top line
of your error message was never \def'ed. If you have
misspelled it (e.g., `\hobx'), type `I' and the correct
spelling (e.g., `I\hbox'). Otherwise just continue,
and I'll forget about whatever was undefined.

! Undefined control sequence.
l.68 ... keyframes for reduced-order models \citep
                                                  {gu2022reactive,shamsah202...
The control sequence at the end of the top line
of your error message was never \def'ed. If you have
misspelled it (e.g., `\hobx'), type `I' and the correct
spelling (e.g., `I\hbox'). Otherwise just continue,
and I'll forget about whatever was undefined.

! Undefined control sequence.
l.69 Reactive synthesis \citep
                              {pnueli1989synthesis}, widely applied to mobil...
The control sequence at the end of the top line
of your error message was never \def'ed. If you have
misspelled it (e.g., `\hobx'), type `I' and the correct
spelling (e.g., `I\hbox'). Otherwise just continue,
and I'll forget about whatever was undefined.

! Undefined control sequence.
l.69 ...s}, widely applied to mobile robots \citep
                                                  {kress2009temporal}, has b...
The control sequence at the end of the top line
of your error message was never \def'ed. If you have
misspelled it (e.g., `\hobx'), type `I' and the correct
spelling (e.g., `I\hbox'). Otherwise just continue,
and I'll forget about whatever was undefined.

! Undefined control sequence.
l.69 ...sponse to more complex environments \citep
                                                  {shamsah2023integrated} or...
The control sequence at the end of the top line
of your error message was never \def'ed. If you have
misspelled it (e.g., `\hobx'), type `I' and the correct
spelling (e.g., `I\hbox'). Otherwise just continue,
and I'll forget about whatever was undefined.

! Undefined control sequence.
l.69 ...tegrated} or external perturbations \citep
                                                  {gu2022reactive}. Notably,...
The control sequence at the end of the top line
of your error message was never \def'ed. If you have
misspelled it (e.g., `\hobx'), type `I' and the correct
spelling (e.g., `I\hbox'). Otherwise just continue,
and I'll forget about whatever was undefined.

! Undefined control sequence.
l.69 ...ns \citep{gu2022reactive}. Notably, \citep
                                                  {zhao2022reactive} formula...
The control sequence at the end of the top line
of your error message was never \def'ed. If you have
misspelled it (e.g., `\hobx'), type `I' and the correct
spelling (e.g., `I\hbox'). Otherwise just continue,
and I'll forget about whatever was undefined.


Underfull \hbox (badness 2134) in paragraph at lines 68--75
\OT1/ptm/m/n/10 (LTL) op-er-ate pri-mar-ily at the task level, em-pha-siz-ing
 []


Underfull \hbox (badness 10000) in paragraph at lines 68--75
\OT1/ptm/m/n/10 safety and com-plete-ness guar-an-tees within the task
 []


Underfull \hbox (badness 10000) in paragraph at lines 68--75
\OT1/ptm/m/n/10 do-main kress2018synthesis. These meth-ods typ-i-cally
 []


Underfull \hbox (badness 2435) in paragraph at lines 68--75
\OT1/ptm/m/n/10 syn-the-size a se-quence of task-level ac-tions, which are
 []


Underfull \hbox (badness 1360) in paragraph at lines 68--75
\OT1/ptm/m/n/10 then ex-e-cuted by a mo-tion plan-ner. Re-cently, LTL has
 []


Underfull \hbox (badness 5490) in paragraph at lines 68--75
\OT1/ptm/m/n/10 task-level ab-strac-tions on topo-log-i-cal maps of ter-rain
 []


Underfull \hbox (badness 10000) in paragraph at lines 68--75
\OT1/ptm/m/n/10 kul-god2020temporal,zhou2022reactive,jiang2023abstraction
 []


Underfull \hbox (badness 10000) in paragraph at lines 68--75
\OT1/ptm/m/n/10 or lo-co-mo-tion keyframes for reduced-order mod-els
 []


Underfull \hbox (badness 10000) in paragraph at lines 68--75
\OT1/ptm/m/n/10 gu2022reactive,shamsah2023integrated,zhao2022reactive.
 []


Underfull \hbox (badness 8038) in paragraph at lines 68--75
\OT1/ptm/m/n/10 Re-ac-tive syn-the-sis pnueli1989synthesis, widely ap-plied
 []


Underfull \hbox (badness 1688) in paragraph at lines 68--75
\OT1/ptm/m/n/10 to en-able prompt decision-making in re-sponse to more
 []


Underfull \hbox (badness 1558) in paragraph at lines 68--75
\OT1/ptm/m/n/10 com-plex en-vi-ron-ments sham-sah2023integrated or ex-ter-nal
 []


Underfull \hbox (badness 10000) in paragraph at lines 68--75
\OT1/ptm/m/n/10 per-tur-ba-tions gu2022reactive. No-tably, zhao2022reactive
 []


Underfull \hbox (badness 2221) in paragraph at lines 68--75
\OT1/ptm/m/n/10 for-mu-late the terrain-adaptive lo-co-mo-tion prob-lem as a
 []


Underfull \hbox (badness 10000) in paragraph at lines 68--75
\OT1/ptm/m/n/10 se-quen-tial decision-making task, se-lect-ing ap-pro-pri-ate
 []

! Undefined control sequence.
l.87 ...ies have been proposed. Studies in  \citep
                                                  {decastro2014dynamics,fain...
The control sequence at the end of the top line
of your error message was never \def'ed. If you have
misspelled it (e.g., `\hobx'), type `I' and the correct
spelling (e.g., `I\hbox'). Otherwise just continue,
and I'll forget about whatever was undefined.

! Undefined control sequence.
l.87 ...ysical systems, including nonlinear \citep
                                                  {bhatia2010sampling}, swit...
The control sequence at the end of the top line
of your error message was never \def'ed. If you have
misspelled it (e.g., `\hobx'), type `I' and the correct
spelling (e.g., `I\hbox'). Otherwise just continue,
and I'll forget about whatever was undefined.

! Undefined control sequence.
l.87 ...citep{bhatia2010sampling}, switched \citep
                                                  {liu2013synthesis}, and hy...
The control sequence at the end of the top line
of your error message was never \def'ed. If you have
misspelled it (e.g., `\hobx'), type `I' and the correct
spelling (e.g., `I\hbox'). Otherwise just continue,
and I'll forget about whatever was undefined.

! Undefined control sequence.
l.87 ...u2013synthesis}, and hybrid systems \citep
                                                  {maly2013iterative} with m...
The control sequence at the end of the top line
of your error message was never \def'ed. If you have
misspelled it (e.g., `\hobx'), type `I' and the correct
spelling (e.g., `I\hbox'). Otherwise just continue,
and I'll forget about whatever was undefined.

! Undefined control sequence.
l.89 Recent efforts \citep
                          {pacheck2020finding, pacheck2022physically} focus ...
The control sequence at the end of the top line
of your error message was never \def'ed. If you have
misspelled it (e.g., `\hobx'), type `I' and the correct
spelling (e.g., `I\hbox'). Otherwise just continue,
and I'll forget about whatever was undefined.

! Undefined control sequence.
l.89 ...ty. Building upon this, Meng et al. \citep
                                                  {meng2024automated} extend...
The control sequence at the end of the top line
of your error message was never \def'ed. If you have
misspelled it (e.g., `\hobx'), type `I' and the correct
spelling (e.g., `I\hbox'). Otherwise just continue,
and I'll forget about whatever was undefined.

! Undefined control sequence.
l.90 Inspired by these works, Zhou et al. \citep
                                                {zhou2025physically} adopt a...
The control sequence at the end of the top line
of your error message was never \def'ed. If you have
misspelled it (e.g., `\hobx'), type `I' and the correct
spelling (e.g., `I\hbox'). Otherwise just continue,
and I'll forget about whatever was undefined.

! Undefined control sequence.
l.92 ...P. Our work significantly completes \citep
                                                  {zhou2025physically} throu...
The control sequence at the end of the top line
of your error message was never \def'ed. If you have
misspelled it (e.g., `\hobx'), type `I' and the correct
spelling (e.g., `I\hbox'). Otherwise just continue,
and I'll forget about whatever was undefined.

) (./journal_tex/preliminaries.tex
! Undefined control sequence.
l.2 ...owing the same example introduced in \citep
                                                  {zhou2025physically}.
The control sequence at the end of the top line
of your error message was never \def'ed. If you have
misspelled it (e.g., `\hobx'), type `I' and the correct
spelling (e.g., `I\hbox'). Otherwise just continue,
and I'll forget about whatever was undefined.

[4]
<preliminary_drawing.pdf, id=45, 1136.26999pt x 398.63533pt>
File: preliminary_drawing.pdf Graphic file (type pdf)
<use preliminary_drawing.pdf>
Package pdftex.def Info: preliminary_drawing.pdf  used on input line 16.
(pdftex.def)             Requested size: 252.0pt x 88.40562pt.

! Undefined control sequence.
l.104 ...ositions following the approach of~\citep
                                                  {ehlers2016slugs}. The rob...
The control sequence at the end of the top line
of your error message was never \def'ed. If you have
misspelled it (e.g., `\hobx'), type `I' and the correct
spelling (e.g., `I\hbox'). Otherwise just continue,
and I'll forget about whatever was undefined.


Underfull \hbox (badness 2384) in paragraph at lines 196--214
[]\OT1/ptm/m/n/10 In Ex-am-ple []1[], the in-puts are de-fined as $\OMS/cmsy/m/
n/10 I[] [][]\OT1/cmr/m/n/10 =
 []

! Undefined control sequence.
l.316 ...ent of linear temporal logic (LTL)~\citep
                                                  {bloem2012synthesis} to en...
The control sequence at the end of the top line
of your error message was never \def'ed. If you have
misspelled it (e.g., `\hobx'), type `I' and the correct
spelling (e.g., `I\hbox'). Otherwise just continue,
and I'll forget about whatever was undefined.

! Undefined control sequence.
l.322 ...ion to LTL, we refer the reader to~\citep
                                                  {baier2008principles}.
The control sequence at the end of the top line
of your error message was never \def'ed. If you have
misspelled it (e.g., `\hobx'), type `I' and the correct
spelling (e.g., `I\hbox'). Otherwise just continue,
and I'll forget about whatever was undefined.

[5 <./preliminary_drawing.pdf>]
! Undefined control sequence.
l.346 ...l evaluation originally defined in \citep
                                                  {zhou2025physically}, wher...
The control sequence at the end of the top line
of your error message was never \def'ed. If you have
misspelled it (e.g., `\hobx'), type `I' and the correct
spelling (e.g., `I\hbox'). Otherwise just continue,
and I'll forget about whatever was undefined.

) (./journal_tex/problem_statement.tex) (./journal_tex/offline_synthesis.tex
<combined_offline_online_v2.pdf, id=214, 2769.49573pt x 1096.94926pt>
File: combined_offline_online_v2.pdf Graphic file (type pdf)
<use combined_offline_online_v2.pdf>
Package pdftex.def Info: combined_offline_online_v2.pdf  used on input line 18.

(pdftex.def)             Requested size: 516.0pt x 204.3719pt.

[6]
<mip_go2.pdf, id=246, 1343.28192pt x 680.5425pt>
File: mip_go2.pdf Graphic file (type pdf)
<use mip_go2.pdf>
Package pdftex.def Info: mip_go2.pdf  used on input line 91.
(pdftex.def)             Requested size: 226.79846pt x 114.90149pt.
 [7 <./combined_offline_online_v2.pdf> <./mip_go2.pdf

pdfTeX warning: pdflatex (file ./mip_go2.pdf): PDF inclusion: multiple pdfs wit
h page group included in a single page
>]
LaTeX Font Info:    Trying to load font information for OT1+phv on input line 3
63.
 (/usr/local/texlive/2024/texmf-dist/tex/latex/psnfss/ot1phv.fd
File: ot1phv.fd 2020/03/25 scalable font definitions for OT1/phv.
) [8]
! Undefined control sequence.
l.739 ...alse\}$, following the approach in \citep
                                                  {ehlers2016slugs}. We then...
The control sequence at the end of the top line
of your error message was never \def'ed. If you have
misspelled it (e.g., `\hobx'), type `I' and the correct
spelling (e.g., `I\hbox'). Otherwise just continue,
and I'll forget about whatever was undefined.

! Undefined control sequence.
l.741 ...manding, we employ symbolic repair \citep
                                                  {pacheck2022physically} to...
The control sequence at the end of the top line
of your error message was never \def'ed. If you have
misspelled it (e.g., `\hobx'), type `I' and the correct
spelling (e.g., `I\hbox'). Otherwise just continue,
and I'll forget about whatever was undefined.


Underfull \vbox (badness 10000) has occurred while \output is active []

 [9])
(./journal_tex/online_execution.tex
! Undefined control sequence.
<argument> ...ping with plane segmentation~\citep 
                                                  {miki2022elevation,fankhau...
l.36 ...tion integration is left for future work.}
                                                  
The control sequence at the end of the top line
of your error message was never \def'ed. If you have
misspelled it (e.g., `\hobx'), type `I' and the correct
spelling (e.g., `I\hbox'). Otherwise just continue,
and I'll forget about whatever was undefined.

<online_micp.pdf, id=632, 1426.57834pt x 1754.7954pt>
File: online_micp.pdf Graphic file (type pdf)
<use online_micp.pdf>
Package pdftex.def Info: online_micp.pdf  used on input line 41.
(pdftex.def)             Requested size: 252.0pt x 309.95883pt.
[10 <./online_micp.pdf>]
Underfull \vbox (badness 10000) has occurred while \output is active []


! Undefined control sequence.
l.202 ...nematics, similar to approaches in \citep
                                                  {dai2014whole,chignoli2021...
The control sequence at the end of the top line
of your error message was never \def'ed. If you have
misspelled it (e.g., `\hobx'), type `I' and the correct
spelling (e.g., `I\hbox'). Otherwise just continue,
and I'll forget about whatever was undefined.

! Undefined control sequence.
l.203 ... and solved using the OCS2 library \citep
                                                  {OCS2}, with a time horizo...
The control sequence at the end of the top line
of your error message was never \def'ed. If you have
misspelled it (e.g., `\hobx'), type `I' and the correct
spelling (e.g., `I\hbox'). Otherwise just continue,
and I'll forget about whatever was undefined.


Underfull \hbox (badness 1540) in paragraph at lines 202--204
 \OT1/ptm/m/it/10 1) Non-lin-ear Model Pre-dic-tive Con-trol (NMPC): [][] \OT1/
ptm/m/n/10 The
 []


Underfull \hbox (badness 1845) in paragraph at lines 202--204
\OT1/ptm/m/n/10 NMPC op-er-ates in-de-pen-dently from the sym-bolic plan-
 []


Underfull \hbox (badness 2334) in paragraph at lines 202--204
\OT1/ptm/m/n/10 troidal dy-nam-ics and kine-mat-ics, sim-i-lar to ap-proaches
 []


Underfull \hbox (badness 3460) in paragraph at lines 202--204
\OT1/ptm/m/n/10 in dai2014whole,chignoli2021humanoid,sleiman2021unified,
 []

[11]
! Undefined control sequence.
l.207 ... a weighted quadratic program (QP) \citep
                                                  {kuindersma2014efficiently...
The control sequence at the end of the top line
of your error message was never \def'ed. If you have
misspelled it (e.g., `\hobx'), type `I' and the correct
spelling (e.g., `I\hbox'). Otherwise just continue,
and I'll forget about whatever was undefined.

! Undefined control sequence.
l.207 ...ping, centroidal momentum tracking \citep
                                                  {wensing2013generation} is...
The control sequence at the end of the top line
of your error message was never \def'ed. If you have
misspelled it (e.g., `\hobx'), type `I' and the correct
spelling (e.g., `I\hbox'). Otherwise just continue,
and I'll forget about whatever was undefined.

! Undefined control sequence.
l.210 ...r Kalman filter similar to that in \citep
                                                  {bledt2018cheetah}, with t...
The control sequence at the end of the top line
of your error message was never \def'ed. If you have
misspelled it (e.g., `\hobx'), type `I' and the correct
spelling (e.g., `I\hbox'). Otherwise just continue,
and I'll forget about whatever was undefined.

<multi_threading_new.pdf, id=753, 1306.8825pt x 1222.5675pt>
File: multi_threading_new.pdf Graphic file (type pdf)
<use multi_threading_new.pdf>
Package pdftex.def Info: multi_threading_new.pdf  used on input line 213.
(pdftex.def)             Requested size: 252.0pt x 235.74138pt.
) (./journal_tex/results.tex
! Undefined control sequence.
l.2 ...lability, and generalizability as in \citep
                                                  {zhou2025physically}.
The control sequence at the end of the top line
of your error message was never \def'ed. If you have
misspelled it (e.g., `\hobx'), type `I' and the correct
spelling (e.g., `I\hbox'). Otherwise just continue,
and I'll forget about whatever was undefined.


Underfull \hbox (badness 2020) in paragraph at lines 2--4
\OT1/ptm/m/n/10 vi-ron-ments in a Gazebo sim-u-la-tion to demon-strate the
 []


Underfull \vbox (badness 3271) has occurred while \output is active []

 [12 <./multi_threading_new.pdf>]
! Undefined control sequence.
<argument> ...---are solved using Gurobi~9~\citep 
                                                  {gurobi}. The NMPC tracker...
l.6 ...w-power deployment is left as future work.}
                                                  
The control sequence at the end of the top line
of your error message was never \def'ed. If you have
misspelled it (e.g., `\hobx'), type `I' and the correct
spelling (e.g., `I\hbox'). Otherwise just continue,
and I'll forget about whatever was undefined.

! Undefined control sequence.
<argument> ...mented with the OCS2 library~\citep 
                                                  {OCS2}. All offline-synthe...
l.6 ...w-power deployment is left as future work.}
                                                  
The control sequence at the end of the top line
of your error message was never \def'ed. If you have
misspelled it (e.g., `\hobx'), type `I' and the correct
spelling (e.g., `I\hbox'). Otherwise just continue,
and I'll forget about whatever was undefined.


Underfull \hbox (badness 1824) in paragraph at lines 6--7
\OT1/ptm/m/n/10 the on-line gait-fixed MICP, the kinematic-feasibility re-
 []

<hardware_info.pdf, id=782, 753.87402pt x 394.39264pt>
File: hardware_info.pdf Graphic file (type pdf)
<use hardware_info.pdf>
Package pdftex.def Info: hardware_info.pdf  used on input line 13.
(pdftex.def)             Requested size: 214.20154pt x 112.06004pt.
<unstructured_and_rebar_maneuver_large.png, id=783, 14209.085pt x 6094.77pt>
File: unstructured_and_rebar_maneuver_large.png Graphic file (type png)
<use unstructured_and_rebar_maneuver_large.png>
Package pdftex.def Info: unstructured_and_rebar_maneuver_large.png  used on inp
ut line 39.
(pdftex.def)             Requested size: 516.0pt x 221.24362pt.
! Undefined control sequence.
<argument> ...rain scenarios (presented in \citep 
                                                  {zhou2025physically} as we...
l.40 ...d in \citep{zhou2025physically} as well).}
                                                  
The control sequence at the end of the top line
of your error message was never \def'ed. If you have
misspelled it (e.g., `\hobx'), type `I' and the correct
spelling (e.g., `I\hbox'). Otherwise just continue,
and I'll forget about whatever was undefined.

! Undefined control sequence.
<argument> ...rain scenarios (presented in \citep 
                                                  {zhou2025physically} as we...
l.40 ...d in \citep{zhou2025physically} as well).}
                                                  
The control sequence at the end of the top line
of your error message was never \def'ed. If you have
misspelled it (e.g., `\hobx'), type `I' and the correct
spelling (e.g., `I\hbox'). Otherwise just continue,
and I'll forget about whatever was undefined.

! Undefined control sequence.
l.106 ... tying tasks on construction sites \citep
                                                  {asselmeier2024hierarchica...
The control sequence at the end of the top line
of your error message was never \def'ed. If you have
misspelled it (e.g., `\hobx'), type `I' and the correct
spelling (e.g., `I\hbox'). Otherwise just continue,
and I'll forget about whatever was undefined.


Underfull \hbox (badness 6220) in paragraph at lines 106--107
 \OT1/ptm/m/it/10 2) Re-bar Ter-rain: [][] \OT1/ptm/m/n/10 In-spired by ef-fort
s to au-to-mate
 []

<online_repair_new_gap.pdf, id=788, 7112.44017pt x 1811.4318pt>
File: online_repair_new_gap.pdf Graphic file (type pdf)
<use online_repair_new_gap.pdf>
Package pdftex.def Info: online_repair_new_gap.pdf  used on input line 112.
(pdftex.def)             Requested size: 252.0pt x 64.18051pt.
<num_states_vs_repair_time.pdf, id=789, 915.66089pt x 463.97339pt>
File: num_states_vs_repair_time.pdf Graphic file (type pdf)
<use num_states_vs_repair_time.pdf>
Package pdftex.def Info: num_states_vs_repair_time.pdf  used on input line 119.

(pdftex.def)             Requested size: 252.0pt x 127.68864pt.

Underfull \vbox (badness 10000) has occurred while \output is active []

 [13 <./hardware_info.pdf>]
Underfull \vbox (badness 10000) has occurred while \output is active []

 [14 <./unstructured_and_rebar_maneuver_large.png> <./online_repair_new_gap.pdf
> <./num_states_vs_repair_time.pdf>]
<pure_mip_benchmark.pdf, id=911, 961.5925pt x 265.99374pt>
File: pure_mip_benchmark.pdf Graphic file (type pdf)
<use pure_mip_benchmark.pdf>
Package pdftex.def Info: pure_mip_benchmark.pdf  used on input line 187.
(pdftex.def)             Requested size: 516.0pt x 142.73749pt.
<yaw_extension_demo.pdf, id=912, 1415.2875pt x 761.84625pt>
File: yaw_extension_demo.pdf Graphic file (type pdf)
<use yaw_extension_demo.pdf>
Package pdftex.def Info: yaw_extension_demo.pdf  used on input line 194.
(pdftex.def)             Requested size: 252.0pt x 135.65005pt.
<unstructured_hardware_withoutgap_compressed.png, id=921, 3858.415pt x 1125.203
75pt>
File: unstructured_hardware_withoutgap_compressed.png Graphic file (type png)
<use unstructured_hardware_withoutgap_compressed.png>
Package pdftex.def Info: unstructured_hardware_withoutgap_compressed.png  used 
on input line 232.
(pdftex.def)             Requested size: 516.0pt x 150.4709pt.
 [15] [16 <./pure_mip_benchmark.pdf> <./yaw_extension_demo.pdf

pdfTeX warning: pdflatex (file ./yaw_extension_demo.pdf): PDF inclusion: multip
le pdfs with page group included in a single page
>]) (./journal_tex/hardware.tex [17 <./unstructured_hardware_withoutgap_compres
sed.png>]
<unstructured_hardware_withgap.jpg, id=1018, 2921.22948pt x 1650.79895pt>
File: unstructured_hardware_withgap.jpg Graphic file (type jpg)
<use unstructured_hardware_withgap.jpg>
Package pdftex.def Info: unstructured_hardware_withgap.jpg  used on input line 
15.
(pdftex.def)             Requested size: 252.0pt x 142.39415pt.
<tracking_performance.png, id=1019, 445.1832pt x 236.5638pt>
File: tracking_performance.png Graphic file (type png)
<use tracking_performance.png>
Package pdftex.def Info: tracking_performance.png  used on input line 20.
(pdftex.def)             Requested size: 252.0pt x 133.91145pt.
<hardware_rebar_compressed.png, id=1020, 5147.23pt x 2560.56625pt>
File: hardware_rebar_compressed.png Graphic file (type png)
<use hardware_rebar_compressed.png>
Package pdftex.def Info: hardware_rebar_compressed.png  used on input line 27.
(pdftex.def)             Requested size: 516.0pt x 256.65768pt.
<hardware_rebar_benchmark_compressed.png, id=1026, 5147.23pt x 2040.62375pt>
File: hardware_rebar_benchmark_compressed.png Graphic file (type png)
<use hardware_rebar_benchmark_compressed.png>
Package pdftex.def Info: hardware_rebar_benchmark_compressed.png  used on input
 line 38.
(pdftex.def)             Requested size: 516.0pt x 204.54138pt.

! Undefined control sequence.
l.42 ...eline follows a similar strategy to \citep
                                                  {fankhauser2018robust, kim...
The control sequence at the end of the top line
of your error message was never \def'ed. If you have
misspelled it (e.g., `\hobx'), type `I' and the correct
spelling (e.g., `I\hbox'). Otherwise just continue,
and I'll forget about whatever was undefined.

! Undefined control sequence.
<argument> ...phase-based parameterization~\citep 
                                                  {winkler2018gait} or learn...
l.44 ...future work in Sec.~\ref{sec:discussion}.}
                                                  
The control sequence at the end of the top line
of your error message was never \def'ed. If you have
misspelled it (e.g., `\hobx'), type `I' and the correct
spelling (e.g., `I\hbox'). Otherwise just continue,
and I'll forget about whatever was undefined.

! Undefined control sequence.
<argument> ...based perceptive controllers~\citep 
                                                  {hoeller2023anymal} target...
l.44 ...future work in Sec.~\ref{sec:discussion}.}
                                                  
The control sequence at the end of the top line
of your error message was never \def'ed. If you have
misspelled it (e.g., `\hobx'), type `I' and the correct
spelling (e.g., `I\hbox'). Otherwise just continue,
and I'll forget about whatever was undefined.

[18 <./unstructured_hardware_withgap.jpg> <./tracking_performance.png>]
! Undefined control sequence.
l.50 ... through tighter convex relaxations \citep
                                                  {marcucci2024shortest, lin...
The control sequence at the end of the top line
of your error message was never \def'ed. If you have
misspelled it (e.g., `\hobx'), type `I' and the correct
spelling (e.g., `I\hbox'). Otherwise just continue,
and I'll forget about whatever was undefined.


Overfull \hbox (4.21066pt too wide) in paragraph at lines 55--71
 [][] 
 []

)
Underfull \vbox (badness 10000) has occurred while \output is active []

 [19 <./hardware_rebar_compressed.png> <./hardware_rebar_benchmark_compressed.p
ng>]
(./journal_tex/discussion.tex
! Undefined control sequence.
l.9 ... form of segmented polygonal regions \citep
                                                  {miki2022elevation}. Exist...
The control sequence at the end of the top line
of your error message was never \def'ed. If you have
misspelled it (e.g., `\hobx'), type `I' and the correct
spelling (e.g., `I\hbox'). Otherwise just continue,
and I'll forget about whatever was undefined.

! Undefined control sequence.
<argument> ...riables in the specification~\citep 
                                                  {bloem2012synthesis}, so a...
l.16 ...her than a limit of the framework itself.}
                                                  
The control sequence at the end of the top line
of your error message was never \def'ed. If you have
misspelled it (e.g., `\hobx'), type `I' and the correct
spelling (e.g., `I\hbox'). Otherwise just continue,
and I'll forget about whatever was undefined.

! Undefined control sequence.
<argument> ...nd-effector parameterization~\citep 
                                                  {winkler2018gait}, which j...
l.19 ...did not pursue in the present validation.}
                                                  
The control sequence at the end of the top line
of your error message was never \def'ed. If you have
misspelled it (e.g., `\hobx'), type `I' and the correct
spelling (e.g., `I\hbox'). Otherwise just continue,
and I'll forget about whatever was undefined.

! Undefined control sequence.
<argument> ...llers such as ANYmal-Parkour~\citep 
                                                  {hoeller2023anymal} and RL...
l.19 ...did not pursue in the present validation.}
                                                  
The control sequence at the end of the top line
of your error message was never \def'ed. If you have
misspelled it (e.g., `\hobx'), type `I' and the correct
spelling (e.g., `I\hbox'). Otherwise just continue,
and I'll forget about whatever was undefined.

! Undefined control sequence.
<argument> ...{hoeller2023anymal} and RLOC~\citep 
                                                  {gangapurwala2022rloc}. A ...
l.19 ...did not pursue in the present validation.}
                                                  
The control sequence at the end of the top line
of your error message was never \def'ed. If you have
misspelled it (e.g., `\hobx'), type `I' and the correct
spelling (e.g., `I\hbox'). Otherwise just continue,
and I'll forget about whatever was undefined.

) [20] (./journal_tex/conclusion.tex) (./main.bbl

! LaTeX Error: Something's wrong--perhaps a missing \item.

See the LaTeX manual or LaTeX Companion for explanation.
Type  H <return>  for immediate help.
 ...                                              
                                                  
l.24 \end{thebibliography}
                          
Try typing  <return>  to proceed.
If that doesn't work, type  X <return>  to quit.

) [21

] (./main.aux)
 ***********
LaTeX2e <2023-11-01> patch level 1
L3 programming layer <2024-02-20>
 ***********
 ) 
Here is how much of TeX's memory you used:
 15543 strings out of 474116
 252612 string characters out of 5743682
 1957187 words of memory out of 5000000
 37428 multiletter control sequences out of 15000+600000
 618054 words of font info for 168 fonts, out of 8000000 for 9000
 1141 hyphenation exceptions out of 8191
 79i,14n,93p,1917b,487s stack positions out of 10000i,1000n,20000p,200000b,200000s
</usr/local/texlive/2024/texmf-dist/fonts/type1/public/amsfonts/cm/cmbx10.pfb
></usr/local/texlive/2024/texmf-dist/fonts/type1/public/amsfonts/cm/cmbx7.pfb><
/usr/local/texlive/2024/texmf-dist/fonts/type1/public/amsfonts/cm/cmbx9.pfb></u
sr/local/texlive/2024/texmf-dist/fonts/type1/public/amsfonts/cm/cmex10.pfb></us
r/local/texlive/2024/texmf-dist/fonts/type1/public/amsfonts/cm/cmmi10.pfb></usr
/local/texlive/2024/texmf-dist/fonts/type1/public/amsfonts/cm/cmmi5.pfb></usr/l
ocal/texlive/2024/texmf-dist/fonts/type1/public/amsfonts/cm/cmmi6.pfb></usr/loc
al/texlive/2024/texmf-dist/fonts/type1/public/amsfonts/cm/cmmi7.pfb></usr/local
/texlive/2024/texmf-dist/fonts/type1/public/amsfonts/cm/cmmi8.pfb></usr/local/t
exlive/2024/texmf-dist/fonts/type1/public/amsfonts/cm/cmmib10.pfb></usr/local/t
exlive/2024/texmf-dist/fonts/type1/public/amsfonts/cmextra/cmmib7.pfb></usr/loc
al/texlive/2024/texmf-dist/fonts/type1/public/amsfonts/cmextra/cmmib9.pfb></usr
/local/texlive/2024/texmf-dist/fonts/type1/public/amsfonts/cm/cmr10.pfb></usr/l
ocal/texlive/2024/texmf-dist/fonts/type1/public/amsfonts/cm/cmr5.pfb></usr/loca
l/texlive/2024/texmf-dist/fonts/type1/public/amsfonts/cm/cmr6.pfb></usr/local/t
exlive/2024/texmf-dist/fonts/type1/public/amsfonts/cm/cmr7.pfb></usr/local/texl
ive/2024/texmf-dist/fonts/type1/public/amsfonts/cm/cmr9.pfb></usr/local/texlive
/2024/texmf-dist/fonts/type1/public/amsfonts/cm/cmsy10.pfb></usr/local/texlive/
2024/texmf-dist/fonts/type1/public/amsfonts/cm/cmsy5.pfb></usr/local/texlive/20
24/texmf-dist/fonts/type1/public/amsfonts/cm/cmsy7.pfb></usr/local/texlive/2024
/texmf-dist/fonts/type1/public/amsfonts/cm/cmsy9.pfb></usr/local/texlive/2024/t
exmf-dist/fonts/type1/public/amsfonts/cm/cmtt10.pfb></usr/local/texlive/2024/te
xmf-dist/fonts/type1/public/amsfonts/cm/cmtt8.pfb></usr/local/texlive/2024/texm
f-dist/fonts/type1/public/amsfonts/symbols/msam10.pfb></usr/local/texlive/2024/
texmf-dist/fonts/type1/public/amsfonts/symbols/msbm10.pfb></usr/local/texlive/2
024/texmf-dist/fonts/type1/urw/helvetic/uhvr8a.pfb></usr/local/texlive/2024/tex
mf-dist/fonts/type1/urw/times/utmb8a.pfb></usr/local/texlive/2024/texmf-dist/fo
nts/type1/urw/times/utmbi8a.pfb></usr/local/texlive/2024/texmf-dist/fonts/type1
/urw/times/utmr8a.pfb></usr/local/texlive/2024/texmf-dist/fonts/type1/urw/times
/utmri8a.pfb>
Output written on main.pdf (21 pages, 18715274 bytes).
PDF statistics:
 1231 PDF objects out of 1440 (max. 8388607)
 894 compressed objects within 9 object streams
 161 named destinations out of 1000 (max. 500000)
 86 words of extra memory for PDF output out of 10000 (max. 10000000)

