\BOOKMARK [1][]{section.1}{\376\377\0001\000\040\000I\000n\000t\000r\000o\000d\000u\000c\000t\000i\000o\000n}{}% 1
\BOOKMARK [1][]{section.2}{\376\377\0002\000\040\000R\000e\000l\000a\000t\000e\000d\000\040\000W\000o\000r\000k}{}% 2
\BOOKMARK [2][]{subsection.2.1}{\376\377\0002\000.\0001\000\040\000H\000i\000e\000r\000a\000r\000c\000h\000i\000c\000a\000l\000\040\000P\000l\000a\000n\000n\000i\000n\000g\000\040\000f\000o\000r\000\040\000T\000e\000r\000r\000a\000i\000n\000-\000A\000d\000a\000p\000t\000i\000v\000e\000\040\000L\000o\000c\000o\000m\000o\000t\000i\000o\000n}{section.2}% 3
\BOOKMARK [2][]{subsection.2.2}{\376\377\0002\000.\0002\000\040\000S\000i\000m\000u\000l\000t\000a\000n\000e\000o\000u\000s\000\040\000P\000l\000a\000n\000n\000i\000n\000g\000\040\000v\000i\000a\000\040\000O\000p\000t\000i\000m\000i\000z\000a\000t\000i\000o\000n}{section.2}% 4
\BOOKMARK [2][]{subsection.2.3}{\376\377\0002\000.\0003\000\040\000T\000a\000s\000k\000\040\000a\000n\000d\000\040\000M\000o\000t\000i\000o\000n\000\040\000P\000l\000a\000n\000n\000i\000n\000g\000\040\000f\000o\000r\000\040\000C\000o\000n\000t\000a\000c\000t\000-\000R\000i\000c\000h\000\040\000P\000l\000a\000n\000n\000i\000n\000g}{section.2}% 5
\BOOKMARK [2][]{subsection.2.4}{\376\377\0002\000.\0004\000\040\000P\000h\000y\000s\000i\000c\000a\000l\000l\000y\000-\000F\000e\000a\000s\000i\000b\000l\000e\000\040\000R\000e\000a\000c\000t\000i\000v\000e\000\040\000S\000y\000n\000t\000h\000e\000s\000i\000s}{section.2}% 6
\BOOKMARK [1][]{section.3}{\376\377\0003\000\040\000P\000r\000e\000l\000i\000m\000i\000n\000a\000r\000i\000e\000s}{}% 7
\BOOKMARK [2][]{subsection.3.1}{\376\377\0003\000.\0001\000\040\000A\000b\000s\000t\000r\000a\000c\000t\000i\000o\000n\000s}{section.3}% 8
\BOOKMARK [2][]{subsection.3.2}{\376\377\0003\000.\0002\000\040\000S\000p\000e\000c\000i\000f\000i\000c\000a\000t\000i\000o\000n\000s}{section.3}% 9
\BOOKMARK [1][]{section.4}{\376\377\0004\000\040\000P\000r\000o\000b\000l\000e\000m\000\040\000S\000t\000a\000t\000e\000m\000e\000n\000t\000\040\000a\000n\000d\000\040\000A\000p\000p\000r\000o\000a\000c\000h\000\040\000O\000v\000e\000r\000v\000i\000e\000w}{}% 10
\BOOKMARK [2][]{subsection.4.1}{\376\377\0004\000.\0001\000\040\000P\000r\000o\000b\000l\000e\000m\000\040\000S\000t\000a\000t\000e\000m\000e\000n\000t}{section.4}% 11
\BOOKMARK [2][]{subsection.4.2}{\376\377\0004\000.\0002\000\040\000A\000p\000p\000r\000o\000a\000c\000h\000\040\000O\000v\000e\000r\000v\000i\000e\000w}{section.4}% 12
\BOOKMARK [1][]{section.5}{\376\377\0005\000\040\000O\000f\000f\000l\000i\000n\000e\000\040\000S\000y\000n\000t\000h\000e\000s\000i\000s}{}% 13
\BOOKMARK [2][]{subsection.5.1}{\376\377\0005\000.\0001\000\040\000L\000o\000c\000o\000m\000o\000t\000i\000o\000n\000\040\000G\000a\000i\000t\000\040\000a\000n\000d\000\040\000F\000e\000a\000s\000i\000b\000i\000l\000i\000t\000y\000\040\000C\000h\000e\000c\000k\000i\000n\000g\000\040\000v\000i\000a\000\040\000M\000I\000C\000P}{section.5}% 14
\BOOKMARK [3][]{subsubsection.5.1.1}{\376\377\0005\000.\0001\000.\0001\000\040\000C\000o\000n\000t\000i\000n\000u\000o\000u\000s\000\040\000D\000e\000c\000i\000s\000i\000o\000n\000\040\000V\000a\000r\000i\000a\000b\000l\000e\000s}{subsection.5.1}% 15
\BOOKMARK [3][]{subsubsection.5.1.2}{\376\377\0005\000.\0001\000.\0002\000\040\000S\000y\000s\000t\000e\000m\000\040\000D\000y\000n\000a\000m\000i\000c\000s}{subsection.5.1}% 16
\BOOKMARK [3][]{subsubsection.5.1.3}{\376\377\0005\000.\0001\000.\0003\000\040\000C\000o\000s\000t\000\040\000F\000u\000n\000c\000t\000i\000o\000n}{subsection.5.1}% 17
\BOOKMARK [3][]{subsubsection.5.1.4}{\376\377\0005\000.\0001\000.\0004\000\040\000S\000a\000f\000e\000\040\000R\000e\000g\000i\000o\000n\000\040\000C\000o\000n\000s\000t\000r\000a\000i\000n\000t}{subsection.5.1}% 18
\BOOKMARK [3][]{subsubsection.5.1.5}{\376\377\0005\000.\0001\000.\0005\000\040\000F\000r\000i\000c\000t\000i\000o\000n\000a\000l\000\040\000a\000n\000d\000\040\000C\000o\000n\000t\000a\000c\000t\000\040\000C\000o\000n\000s\000t\000r\000a\000i\000n\000t\000s}{subsection.5.1}% 19
\BOOKMARK [3][]{subsubsection.5.1.6}{\376\377\0005\000.\0001\000.\0006\000\040\000A\000c\000t\000u\000a\000t\000i\000o\000n\000\040\000C\000o\000n\000s\000t\000r\000a\000i\000n\000t}{subsection.5.1}% 20
\BOOKMARK [3][]{subsubsection.5.1.7}{\376\377\0005\000.\0001\000.\0007\000\040\000K\000i\000n\000e\000m\000a\000t\000i\000c\000s\000\040\000C\000o\000n\000s\000t\000r\000a\000i\000n\000t}{subsection.5.1}% 21
\BOOKMARK [2][]{subsection.5.2}{\376\377\0005\000.\0002\000\040\000T\000a\000s\000k\000\040\000S\000p\000e\000c\000i\000f\000i\000c\000a\000t\000i\000o\000n\000\040\000E\000n\000c\000o\000d\000i\000n\000g}{section.5}% 22
\BOOKMARK [2][]{subsection.5.3}{\376\377\0005\000.\0003\000\040\000H\000i\000g\000h\000-\000l\000e\000v\000e\000l\000\040\000M\000a\000n\000a\000g\000e\000r\000\040\000a\000n\000d\000\040\000S\000y\000m\000b\000o\000l\000i\000c\000\040\000R\000e\000p\000a\000i\000r}{section.5}% 23
\BOOKMARK [2][]{subsection.5.4}{\376\377\0005\000.\0004\000\040\000G\000a\000i\000t\000-\000F\000r\000e\000e\000\040\000M\000I\000C\000P}{section.5}% 24
\BOOKMARK [3][]{subsubsection.5.4.1}{\376\377\0005\000.\0004\000.\0001\000\040\000S\000a\000f\000e\000\040\000R\000e\000g\000i\000o\000n\000\040\000C\000o\000n\000s\000t\000r\000a\000i\000n\000t}{subsection.5.4}% 25
\BOOKMARK [3][]{subsubsection.5.4.2}{\376\377\0005\000.\0004\000.\0002\000\040\000F\000r\000i\000c\000t\000i\000o\000n\000a\000l\000\040\000a\000n\000d\000\040\000C\000o\000n\000t\000a\000c\000t\000\040\000C\000o\000n\000s\000t\000r\000a\000i\000n\000t\000s}{subsection.5.4}% 26
\BOOKMARK [1][]{section.6}{\376\377\0006\000\040\000O\000n\000l\000i\000n\000e\000\040\000E\000x\000e\000c\000u\000t\000i\000o\000n}{}% 27
\BOOKMARK [2][]{subsection.6.1}{\376\377\0006\000.\0001\000\040\000S\000t\000r\000a\000t\000e\000g\000y\000\040\000A\000u\000t\000o\000m\000a\000t\000o\000n\000\040\000E\000x\000e\000c\000u\000t\000i\000o\000n\000\040\000a\000n\000d\000\040\000O\000n\000l\000i\000n\000e\000\040\000M\000I\000C\000P\000\040\000M\000o\000d\000i\000f\000i\000c\000a\000t\000i\000o\000n\000s}{section.6}% 28
\BOOKMARK [3][]{subsubsection.6.1.1}{\376\377\0006\000.\0001\000.\0001\000\040\000R\000o\000b\000o\000t\000\040\000P\000o\000s\000e\000\040\000R\000e\000-\000T\000a\000r\000g\000e\000t\000i\000n\000g}{subsection.6.1}% 29
\BOOKMARK [3][]{subsubsection.6.1.2}{\376\377\0006\000.\0001\000.\0002\000\040\000C\000o\000l\000l\000i\000s\000i\000o\000n\000\040\000A\000v\000o\000i\000d\000a\000n\000c\000e\000\040\000a\000n\000d\000\040\000S\000w\000i\000n\000g\000\040\000F\000o\000o\000t\000\040\000C\000o\000n\000s\000t\000r\000a\000i\000n\000t\000s}{subsection.6.1}% 30
\BOOKMARK [2][]{subsection.6.2}{\376\377\0006\000.\0002\000\040\000R\000u\000n\000t\000i\000m\000e\000\040\000R\000e\000p\000a\000i\000r}{section.6}% 31
\BOOKMARK [1][]{section.7}{\376\377\0007\000\040\000T\000r\000a\000c\000k\000i\000n\000g\000\040\000C\000o\000n\000t\000r\000o\000l}{}% 32
\BOOKMARK [2][]{subsection.7.1}{\376\377\0007\000.\0001\000\040\000T\000r\000a\000c\000k\000i\000n\000g\000\040\000C\000o\000n\000t\000r\000o\000l\000\040\000M\000o\000d\000u\000l\000e}{section.7}% 33
\BOOKMARK [3][]{subsubsection.7.1.1}{\376\377\0007\000.\0001\000.\0001\000\040\000N\000o\000n\000l\000i\000n\000e\000a\000r\000\040\000M\000o\000d\000e\000l\000\040\000P\000r\000e\000d\000i\000c\000t\000i\000v\000e\000\040\000C\000o\000n\000t\000r\000o\000l\000\040\000\050\000N\000M\000P\000C\000\051}{subsection.7.1}% 34
\BOOKMARK [3][]{subsubsection.7.1.2}{\376\377\0007\000.\0001\000.\0002\000\040\000W\000h\000o\000l\000e\000-\000B\000o\000d\000y\000\040\000C\000o\000n\000t\000r\000o\000l\000\040\000\050\000W\000B\000C\000\051}{subsection.7.1}% 35
\BOOKMARK [3][]{subsubsection.7.1.3}{\376\377\0007\000.\0001\000.\0003\000\040\000S\000t\000a\000t\000e\000\040\000E\000s\000t\000i\000m\000a\000t\000i\000o\000n}{subsection.7.1}% 36
\BOOKMARK [2][]{subsection.7.2}{\376\377\0007\000.\0002\000\040\000C\000o\000o\000r\000d\000i\000n\000a\000t\000i\000o\000n\000\040\000b\000e\000t\000w\000e\000e\000n\000\040\000S\000t\000r\000a\000t\000e\000g\000y\000\040\000E\000x\000e\000c\000u\000t\000i\000o\000n\000\040\000a\000n\000d\000\040\000T\000r\000a\000c\000k\000i\000n\000g\000\040\000M\000o\000d\000u\000l\000e}{section.7}% 37
\BOOKMARK [3][]{subsubsection.7.2.1}{\376\377\0007\000.\0002\000.\0001\000\040\000S\000t\000r\000a\000t\000e\000g\000y\000\040\000E\000x\000e\000c\000u\000t\000i\000o\000n}{subsection.7.2}% 38
\BOOKMARK [3][]{subsubsection.7.2.2}{\376\377\0007\000.\0002\000.\0002\000\040\000T\000r\000a\000c\000k\000i\000n\000g\000\040\000C\000o\000n\000t\000r\000o\000l\000\040\000M\000o\000d\000u\000l\000e}{subsection.7.2}% 39
\BOOKMARK [3][]{subsubsection.7.2.3}{\376\377\0007\000.\0002\000.\0003\000\040\000D\000e\000l\000a\000y\000\040\000H\000a\000n\000d\000l\000i\000n\000g}{subsection.7.2}% 40
\BOOKMARK [1][]{section.8}{\376\377\0008\000\040\000S\000i\000m\000u\000l\000a\000t\000i\000o\000n}{}% 41
\BOOKMARK [2][]{subsection.8.1}{\376\377\0008\000.\0001\000\040\000I\000m\000p\000l\000e\000m\000e\000n\000t\000a\000t\000i\000o\000n\000\040\000D\000e\000t\000a\000i\000l\000s}{section.8}% 42
\BOOKMARK [2][]{subsection.8.2}{\376\377\0008\000.\0002\000\040\000R\000o\000b\000o\000t\000\040\000S\000e\000t\000u\000p}{section.8}% 43
\BOOKMARK [2][]{subsection.8.3}{\376\377\0008\000.\0003\000\040\000S\000i\000m\000u\000l\000a\000t\000i\000o\000n\000\040\000E\000n\000v\000i\000r\000o\000n\000m\000e\000n\000t\000\040\000S\000e\000t\000u\000p}{section.8}% 44
\BOOKMARK [3][]{subsubsection.8.3.1}{\376\377\0008\000.\0003\000.\0001\000\040\000U\000n\000s\000t\000r\000u\000c\000t\000u\000r\000e\000d\000\040\000T\000e\000r\000r\000a\000i\000n}{subsection.8.3}% 45
\BOOKMARK [3][]{subsubsection.8.3.2}{\376\377\0008\000.\0003\000.\0002\000\040\000R\000e\000b\000a\000r\000\040\000T\000e\000r\000r\000a\000i\000n}{subsection.8.3}% 46
\BOOKMARK [2][]{subsection.8.4}{\376\377\0008\000.\0004\000\040\000O\000f\000f\000l\000i\000n\000e\000\040\000S\000y\000n\000t\000h\000e\000s\000i\000s\000\040\000R\000e\000s\000u\000l\000t\000s}{section.8}% 47
\BOOKMARK [2][]{subsection.8.5}{\376\377\0008\000.\0005\000\040\000O\000n\000l\000i\000n\000e\000\040\000E\000x\000e\000c\000u\000t\000i\000o\000n\000\040\000R\000e\000s\000u\000l\000t\000s}{section.8}% 48
\BOOKMARK [2][]{subsection.8.6}{\376\377\0008\000.\0006\000\040\000R\000u\000n\000t\000i\000m\000e\000\040\000R\000e\000p\000a\000i\000r\000\040\000C\000a\000s\000e\000\040\000S\000t\000u\000d\000y}{section.8}% 49
\BOOKMARK [3][]{subsubsection.8.6.1}{\376\377\0008\000.\0006\000.\0001\000\040\000U\000n\000f\000o\000r\000e\000s\000e\000e\000n\000\040\000T\000e\000r\000r\000a\000i\000n\000\040\000S\000t\000a\000t\000e\000s}{subsection.8.6}% 50
\BOOKMARK [3][]{subsubsection.8.6.2}{\376\377\0008\000.\0006\000.\0002\000\040\000S\000o\000l\000v\000i\000n\000g\000\040\000F\000a\000i\000l\000u\000r\000e}{subsection.8.6}% 51
\BOOKMARK [2][]{subsection.8.7}{\376\377\0008\000.\0007\000\040\000B\000e\000n\000c\000h\000m\000a\000r\000k\000:\000\040\000P\000u\000r\000e\000-\000M\000I\000P\000\040\000P\000l\000a\000n\000n\000e\000r}{section.8}% 52
\BOOKMARK [2][]{subsection.8.8}{\376\377\0008\000.\0008\000\040\000P\000r\000e\000l\000i\000m\000i\000n\000a\000r\000y\000\040\000S\000t\000u\000d\000y\000:\000\040\000Y\000a\000w\000\040\000C\000o\000m\000m\000a\000n\000d\000\040\000E\000x\000t\000e\000n\000s\000i\000o\000n}{section.8}% 53
\BOOKMARK [1][]{section.9}{\376\377\0009\000\040\000H\000a\000r\000d\000w\000a\000r\000e\000\040\000D\000e\000m\000o\000n\000s\000t\000r\000a\000t\000i\000o\000n\000s}{}% 54
\BOOKMARK [2][]{subsection.9.1}{\376\377\0009\000.\0001\000\040\000H\000a\000r\000d\000w\000a\000r\000e\000\040\000E\000x\000p\000e\000r\000i\000m\000e\000n\000t\000\040\000S\000e\000t\000u\000p}{section.9}% 55
\BOOKMARK [2][]{subsection.9.2}{\376\377\0009\000.\0002\000\040\000U\000n\000s\000t\000r\000u\000c\000t\000u\000r\000e\000d\000\040\000T\000e\000r\000r\000a\000i\000n}{section.9}% 56
\BOOKMARK [2][]{subsection.9.3}{\376\377\0009\000.\0003\000\040\000R\000e\000b\000a\000r\000\040\000T\000e\000r\000r\000a\000i\000n}{section.9}% 57
\BOOKMARK [2][]{subsection.9.4}{\376\377\0009\000.\0004\000\040\000B\000e\000n\000c\000h\000m\000a\000r\000k\000:\000\040\000H\000e\000u\000r\000i\000s\000t\000i\000c\000s\000-\000B\000a\000s\000e\000d\000\040\000P\000l\000a\000n\000n\000e\000r}{section.9}% 58
\BOOKMARK [2][]{subsection.9.5}{\376\377\0009\000.\0005\000\040\000C\000o\000m\000p\000u\000t\000a\000t\000i\000o\000n\000a\000l\000\040\000T\000i\000m\000e}{section.9}% 59
\BOOKMARK [1][]{section.10}{\376\377\0001\0000\000\040\000D\000i\000s\000c\000u\000s\000s\000i\000o\000n}{}% 60
\BOOKMARK [2][]{subsection.10.1}{\376\377\0001\0000\000.\0001\000\040\000G\000e\000n\000e\000r\000a\000l\000i\000z\000a\000t\000i\000o\000n\000\040\000t\000o\000\040\000M\000o\000r\000e\000\040\000T\000y\000p\000e\000s\000\040\000o\000f\000\040\000T\000e\000r\000r\000a\000i\000n}{section.10}% 61
\BOOKMARK [2][]{subsection.10.2}{\376\377\0001\0000\000.\0002\000\040\000O\000p\000t\000i\000m\000a\000l\000i\000t\000y}{section.10}% 62
\BOOKMARK [2][]{subsection.10.3}{\376\377\0001\0000\000.\0003\000\040\000P\000e\000r\000c\000e\000p\000t\000i\000o\000n\000\040\000M\000o\000d\000u\000l\000e}{section.10}% 63
\BOOKMARK [2][]{subsection.10.4}{\376\377\0001\0000\000.\0004\000\040\000R\000e\000a\000c\000t\000i\000v\000i\000t\000y\000\040\000a\000n\000d\000\040\000U\000p\000d\000a\000t\000e\000\040\000F\000r\000e\000q\000u\000e\000n\000c\000i\000e\000s}{section.10}% 64
\BOOKMARK [2][]{subsection.10.5}{\376\377\0001\0000\000.\0005\000\040\000S\000t\000r\000o\000n\000g\000e\000r\000\040\000B\000a\000s\000e\000l\000i\000n\000e\000\040\000C\000o\000m\000p\000a\000r\000i\000s\000o\000n\000s\000\040\000a\000s\000\040\000F\000u\000t\000u\000r\000e\000\040\000W\000o\000r\000k}{section.10}% 65
\BOOKMARK [2][]{subsection.10.6}{\376\377\0001\0000\000.\0006\000\040\000E\000x\000t\000e\000n\000s\000i\000o\000n\000\040\000t\000o\000\040\000B\000i\000p\000e\000d\000a\000l\000\040\000a\000n\000d\000\040\000O\000t\000h\000e\000r\000\040\000P\000l\000a\000t\000f\000o\000r\000m\000s}{section.10}% 66
\BOOKMARK [1][]{section.11}{\376\377\0001\0001\000\040\000C\000o\000n\000c\000l\000u\000s\000i\000o\000n}{}% 67
